Component: ARM Compiler 5.06 update 6 (build 750) Tool: armlink [4d35ed]

==============================================================================

Section Cross References

    startup_stm32f302xc.o(RESET) refers to startup_stm32f302xc.o(STACK) for __initial_sp
    startup_stm32f302xc.o(RESET) refers to startup_stm32f302xc.o(.text) for Reset_Handler
    startup_stm32f302xc.o(RESET) refers to stm32f3xx_it.o(i.NMI_Handler) for NMI_Handler
    startup_stm32f302xc.o(RESET) refers to stm32f3xx_it.o(i.HardFault_Handler) for HardFault_Handler
    startup_stm32f302xc.o(RESET) refers to stm32f3xx_it.o(i.MemManage_Handler) for MemManage_Handler
    startup_stm32f302xc.o(RESET) refers to stm32f3xx_it.o(i.BusFault_Handler) for BusFault_Handler
    startup_stm32f302xc.o(RESET) refers to stm32f3xx_it.o(i.UsageFault_Handler) for UsageFault_Handler
    startup_stm32f302xc.o(RESET) refers to stm32f3xx_it.o(i.SVC_Handler) for SVC_Handler
    startup_stm32f302xc.o(RESET) refers to stm32f3xx_it.o(i.DebugMon_Handler) for DebugMon_Handler
    startup_stm32f302xc.o(RESET) refers to stm32f3xx_it.o(i.PendSV_Handler) for PendSV_Handler
    startup_stm32f302xc.o(RESET) refers to stm32f3xx_it.o(i.SysTick_Handler) for SysTick_Handler
    startup_stm32f302xc.o(RESET) refers to stm32f3xx_it.o(i.DMA1_Channel1_IRQHandler) for DMA1_Channel1_IRQHandler
    startup_stm32f302xc.o(RESET) refers to stm32f3xx_it.o(i.DMA1_Channel2_IRQHandler) for DMA1_Channel2_IRQHandler
    startup_stm32f302xc.o(RESET) refers to stm32f3xx_it.o(i.DMA1_Channel3_IRQHandler) for DMA1_Channel3_IRQHandler
    startup_stm32f302xc.o(RESET) refers to stm32f3xx_it.o(i.ADC1_2_IRQHandler) for ADC1_2_IRQHandler
    startup_stm32f302xc.o(RESET) refers to stm32f3xx_it.o(i.TIM1_UP_TIM16_IRQHandler) for TIM1_UP_TIM16_IRQHandler
    startup_stm32f302xc.o(RESET) refers to stm32f3xx_it.o(i.TIM2_IRQHandler) for TIM2_IRQHandler
    startup_stm32f302xc.o(RESET) refers to stm32f3xx_it.o(i.USART3_IRQHandler) for USART3_IRQHandler
    startup_stm32f302xc.o(.text) refers to system_stm32f3xx.o(i.SystemInit) for SystemInit
    startup_stm32f302xc.o(.text) refers to entry.o(.ARM.Collect$$$$00000000) for __main
    main.o(i.Delay_10ms) refers to main.o(i.Delay2us) for Delay2us
    main.o(i.HAL_UART_RxCpltCallback) refers to memseta.o(.text) for __aeabi_memclr4
    main.o(i.HAL_UART_RxCpltCallback) refers to main.o(.data) for .data
    main.o(i.M26_PowerDown) refers to main.o(i.m26_send_cmd) for m26_send_cmd
    main.o(i.M26_PowerOn) refers to memseta.o(.text) for __aeabi_memclr4
    main.o(i.M26_PowerOn) refers to stm32f3xx_hal_gpio.o(i.HAL_GPIO_Init) for HAL_GPIO_Init
    main.o(i.M26_PowerOn) refers to stm32f3xx_hal_gpio.o(i.HAL_GPIO_WritePin) for HAL_GPIO_WritePin
    main.o(i.M26_PowerOn) refers to main.o(i.Delay_10ms) for Delay_10ms
    main.o(i.MX_ADC1_Init) refers to memseta.o(.text) for __aeabi_memclr4
    main.o(i.MX_ADC1_Init) refers to stm32f3xx_hal_adc_ex.o(i.HAL_ADC_Init) for HAL_ADC_Init
    main.o(i.MX_ADC1_Init) refers to stm32f3xx_hal_adc_ex.o(i.HAL_ADCEx_MultiModeConfigChannel) for HAL_ADCEx_MultiModeConfigChannel
    main.o(i.MX_ADC1_Init) refers to stm32f3xx_hal_adc_ex.o(i.HAL_ADC_ConfigChannel) for HAL_ADC_ConfigChannel
    main.o(i.MX_ADC1_Init) refers to stm32f3xx_hal_adc_ex.o(i.HAL_ADCEx_Calibration_Start) for HAL_ADCEx_Calibration_Start
    main.o(i.MX_ADC1_Init) refers to main.o(.bss) for .bss
    main.o(i.MX_IWDG_Init1) refers to stm32f3xx_hal_iwdg.o(i.HAL_IWDG_Init) for HAL_IWDG_Init
    main.o(i.MX_IWDG_Init1) refers to main.o(.bss) for .bss
    main.o(i.MX_TIM1_Init) refers to stm32f3xx_hal_tim.o(i.HAL_TIM_Base_Init) for HAL_TIM_Base_Init
    main.o(i.MX_TIM1_Init) refers to stm32f3xx_hal_tim.o(i.HAL_TIM_ConfigClockSource) for HAL_TIM_ConfigClockSource
    main.o(i.MX_TIM1_Init) refers to stm32f3xx_hal_tim_ex.o(i.HAL_TIMEx_MasterConfigSynchronization) for HAL_TIMEx_MasterConfigSynchronization
    main.o(i.MX_TIM1_Init) refers to stm32f3xx_hal_tim.o(i.HAL_TIM_Base_Start_IT) for HAL_TIM_Base_Start_IT
    main.o(i.MX_TIM1_Init) refers to main.o(.bss) for .bss
    main.o(i.MX_TIM2_Init) refers to stm32f3xx_hal_cortex.o(i.HAL_NVIC_SetPriority) for HAL_NVIC_SetPriority
    main.o(i.MX_TIM2_Init) refers to stm32f3xx_hal_cortex.o(i.HAL_NVIC_EnableIRQ) for HAL_NVIC_EnableIRQ
    main.o(i.MX_TIM2_Init) refers to stm32f3xx_hal_tim.o(i.HAL_TIM_Base_Init) for HAL_TIM_Base_Init
    main.o(i.MX_TIM2_Init) refers to stm32f3xx_hal_tim.o(i.HAL_TIM_ConfigClockSource) for HAL_TIM_ConfigClockSource
    main.o(i.MX_TIM2_Init) refers to stm32f3xx_hal_tim.o(i.HAL_TIM_Base_Start_IT) for HAL_TIM_Base_Start_IT
    main.o(i.MX_TIM2_Init) refers to main.o(.bss) for .bss
    main.o(i.MX_USART3_UART_Init) refers to stm32f3xx_hal_uart.o(i.HAL_UART_Init) for HAL_UART_Init
    main.o(i.MX_USART3_UART_Init) refers to main.o(.bss) for .bss
    main.o(i.SystemClock_Config) refers to memseta.o(.text) for __aeabi_memclr4
[...]
    i.UART_Receive_IT                        0x08005450   Section        0  stm32f3xx_hal_uart.o(i.UART_Receive_IT)
    i.UART_SetConfig                         0x080054c8   Section        0  stm32f3xx_hal_uart.o(i.UART_SetConfig)
    i.UART_Transmit_IT                       0x0800569c   Section        0  stm32f3xx_hal_uart.o(i.UART_Transmit_IT)
    i.UART_WaitOnFlagUntilTimeout            0x080056fe   Section        0  stm32f3xx_hal_uart.o(i.UART_WaitOnFlagUntilTimeout)
    i.USART3_IRQHandler                      0x08005760   Section        0  stm32f3xx_it.o(i.USART3_IRQHandler)
    i.UsageFault_Handler                     0x08005774   Section        0  stm32f3xx_it.o(i.UsageFault_Handler)
    i.Watch_Loop                             0x08005778   Section        0  system_config.o(i.Watch_Loop)
    i.__0sprintf                             0x080058d8   Section        0  printfa.o(i.__0sprintf)
    i.__hardfp_sqrt                          0x08005900   Section        0  sqrt.o(i.__hardfp_sqrt)
    i.__scatterload_copy                     0x0800597a   Section       14  handlers.o(i.__scatterload_copy)
    i.__scatterload_null                     0x08005988   Section        2  handlers.o(i.__scatterload_null)
    i.__scatterload_zeroinit                 0x0800598a   Section       14  handlers.o(i.__scatterload_zeroinit)
    i.__set_errno                            0x08005998   Section        0  errno.o(i.__set_errno)
    i._fp_digits                             0x080059a4   Section        0  printfa.o(i._fp_digits)
    _fp_digits                               0x080059a5   Thumb Code   366  printfa.o(i._fp_digits)
    i._printf_core                           0x08005b28   Section        0  printfa.o(i._printf_core)
    _printf_core                             0x08005b29   Thumb Code  1744  printfa.o(i._printf_core)
    i._printf_post_padding                   0x08006204   Section        0  printfa.o(i._printf_post_padding)
    _printf_post_padding                     0x08006205   Thumb Code    36  printfa.o(i._printf_post_padding)
    i._printf_pre_padding                    0x08006228   Section        0  printfa.o(i._printf_pre_padding)
    _printf_pre_padding                      0x08006229   Thumb Code    46  printfa.o(i._printf_pre_padding)
    i._sputc                                 0x08006256   Section        0  printfa.o(i._sputc)
    _sputc                                   0x08006257   Thumb Code    10  printfa.o(i._sputc)
    i.delay_ms                               0x08006260   Section        0  rn8302b.o(i.delay_ms)
    i.delay_us                               0x08006274   Section        0  ht1622x.o(i.delay_us)
    i.dispLCD_Loop                           0x08006280   Section        0  lcd_rt625181.o(i.dispLCD_Loop)
    i.dispMA1                                0x080063e4   Section        0  lcd_rt625181.o(i.dispMA1)
    i.dispMA2                                0x08006550   Section        0  lcd_rt625181.o(i.dispMA2)
    i.dispPassword                           0x080066a0   Section        0  lcd_rt625181.o(i.dispPassword)
    i.dispSystick                            0x0800679c   Section        0  lcd_rt625181.o(i.dispSystick)
    i.dispVol                                0x080067ac   Section        0  lcd_rt625181.o(i.dispVol)
    i.disp_Flag                              0x08006870   Section        0  lcd_rt625181.o(i.disp_Flag)
    i.disp_init                              0x080068ec   Section        0  lcd_rt625181.o(i.disp_init)
    i.fnDelay2us                             0x08006914   Section        0  rn8302b.o(i.fnDelay2us)
    i.fnRN8302_Init                          0x08006920   Section        0  rn8302b.o(i.fnRN8302_Init)
    i.fnRN8302_Read                          0x08006ba4   Section        0  rn8302b.o(i.fnRN8302_Read)
    fnRN8302_Read                            0x08006ba5   Thumb Code   290  rn8302b.o(i.fnRN8302_Read)
    i.fnRN8302_Write                         0x08006ccc   Section        0  rn8302b.o(i.fnRN8302_Write)
    fnRN8302_Write                           0x08006ccd   Thumb Code   272  rn8302b.o(i.fnRN8302_Write)
    i.fnSpi2_ReadByte                        0x08006ddc   Section        0  rn8302b.o(i.fnSpi2_ReadByte)
    fnSpi2_ReadByte                          0x08006ddd   Thumb Code   126  rn8302b.o(i.fnSpi2_ReadByte)
    i.fnSpi2_WriteByte                       0x08006e5a   Section        0  rn8302b.o(i.fnSpi2_WriteByte)
    fnSpi2_WriteByte                         0x08006e5b   Thumb Code   168  rn8302b.o(i.fnSpi2_WriteByte)
    i.ht1622_cs_out                          0x08006f02   Section        0  ht1622x.o(i.ht1622_cs_out)
    ht1622_cs_out                            0x08006f03   Thumb Code    22  ht1622x.o(i.ht1622_cs_out)
    i.ht1622_data_out                        0x08006f18   Section        0  ht1622x.o(i.ht1622_data_out)
    ht1622_data_out                          0x08006f19   Thumb Code    76  ht1622x.o(i.ht1622_data_out)
    i.ht1622_gpio_config                     0x08006f6c   Section        0  ht1622x.o(i.ht1622_gpio_config)
    ht1622_gpio_config                       0x08006f6d   Thumb Code   190  ht1622x.o(i.ht1622_gpio_config)
    i.ht1622_wr_out                          0x08007038   Section        0  ht1622x.o(i.ht1622_wr_out)
    ht1622_wr_out                            0x08007039   Thumb Code    18  ht1622x.o(i.ht1622_wr_out)
    i.ht1622x_display_all                    0x08007050   Section        0  ht1622x.o(i.ht1622x_display_all)
    i.ht1622x_init                           0x08007086   Section        0  ht1622x.o(i.ht1622x_init)
    i.ht1622x_send_bits                      0x080070a8   Section        0  ht1622x.o(i.ht1622x_send_bits)
    i.ht1622x_send_cmd                       0x080070e0   Section        0  ht1622x.o(i.ht1622x_send_cmd)
    i.ht1622x_send_data                      0x08007116   Section        0  ht1622x.o(i.ht1622x_send_data)
    i.m26_send                               0x0800714c   Section        0  m2g.o(i.m26_send)
    i.main                                   0x08007168   Section        0  main.o(i.main)
    i.touchBSP                               0x08007284   Section        0  touchkey.o(i.touchBSP)
    .constdata                               0x080072cc   Section     1832  tem_adc.o(.constdata)
    .constdata                               0x080079f4   Section       70  rn8302b.o(.constdata)
    .constdata                               0x08007a3a   Section       60  lcd_rt625181.o(.constdata)
    .constdata                               0x08007a76   Section       32  stm32f3xx_hal_rcc.o(.constdata)
    .constdata                               0x08007a96   Section       16  system_stm32f3xx.o(.constdata)
    .constdata                               0x08007aa6   Section        8  system_stm32f3xx.o(.constdata)
    .conststring                             0x08007ab0   Section        5  touchkey.o(.conststring)
    .data                                    0x20000000   Section      264  main.o(.data)
    .data                                    0x20000108   Section       56  system_config.o(.data)
    .data                                    0x20000140   Section       36  tem_adc.o(.data)
    index                                    0x20000154   Data           4  tem_adc.o(.data)
    .data                                    0x20000164   Section       12  rn8302b.o(.data)
    .data                                    0x20000170   Section        8  lcd_rt625181.o(.data)
    .data                                    0x20000178   Section       12  stm32f3xx_hal.o(.data)
    .data                                    0x20000184   Section        4  system_stm32f3xx.o(.data)
    .data                                    0x20000188   Section       24  m2g.o(.data)
    .data                                    0x200001a0   Section       60  touchkey.o(.data)
    key_last                                 0x200001ab   Data           1  touchkey.o(.data)
    timer                                    0x200001cc   Data           4  touchkey.o(.data)
    .data                                    0x200001dc   Section        4  errno.o(.data)
    _errno                                   0x200001dc   Data           4  errno.o(.data)
    .bss                                     0x200001e0   Section      340  main.o(.bss)
    .bss                                     0x20000334   Section       68  main.o(.bss)
    .bss                                     0x20000378   Section       68  main.o(.bss)
    .bss                                     0x200003bc   Section       68  main.o(.bss)
    .bss                                     0x20000400   Section      272  system_config.o(.bss)
    EraseInitStruct                          0x20000504   Data          12  system_config.o(.bss)
    .bss                                     0x20000510   Section     3400  tem_adc.o(.bss)
    .bss                                     0x20001258   Section     1980  rn8302b.o(.bss)
    .bss                                     0x20001a14   Section       50  lcd_rt625181.o(.bss)
    .bss                                     0x20001a48   Section       32  stm32f3xx_hal_flash.o(.bss)
    .bss                                     0x20001a68   Section       52  m2g.o(.bss)
    .bss                                     0x20001a9c   Section       22  touchkey.o(.bss)
    STACK                                    0x20001ab8   Section     1024  startup_stm32f302xc.o(STACK)

    Global Symbols

    Symbol Name                              Value     Ov Type        Size  Object(Section)

    BuildAttributes$$THM_ISAv4$E$P$D$K$B$S$7EM$VFPi3$EXTD16$VFPS$VFMA$PE$A:L22UL41UL21$X:L11$S22US41US21$IEEE1$IW$USESV6$~STKCKD$USESV7$~SHL$OTIME$ROPI$IEEEJ$EBA8$MICROLIB$REQ8$PRES8$EABIv2 0x00000000   Number         0  anon$$obj.o ABSOLUTE
    __ARM_use_no_argv                        0x00000000   Number         0  main.o ABSOLUTE
    _printf_a                                0x00000000   Number         0  stubs.o ABSOLUTE
    _printf_c                                0x00000000   Number         0  stubs.o ABSOLUTE
    _printf_charcount                        0x00000000   Number         0  stubs.o ABSOLUTE
    _printf_d                                0x00000000   Number         0  stubs.o ABSOLUTE
    _printf_e                                0x00000000   Number         0  stubs.o ABSOLUTE
    _printf_f                                0x00000000   Number         0  stubs.o ABSOLUTE
    _printf_flags                            0x00000000   Number         0  stubs.o ABSOLUTE
    _printf_fp_dec                           0x00000000   Number         0  stubs.o ABSOLUTE
    _printf_fp_hex                           0x00000000   Number         0  stubs.o ABSOLUTE
    _printf_g                                0x00000000   Number         0  stubs.o ABSOLUTE
    _printf_i                                0x00000000   Number         0  stubs.o ABSOLUTE
    _printf_int_dec                          0x00000000   Number         0  stubs.o ABSOLUTE
    _printf_l                                0x00000000   Number         0  stubs.o ABSOLUTE
    _printf_lc                               0x00000000   Number         0  stubs.o ABSOLUTE
    _printf_ll                               0x00000000   Number         0  stubs.o ABSOLUTE
    _printf_lld                              0x00000000   Number         0  stubs.o ABSOLUTE
    _printf_lli                              0x00000000   Number         0  stubs.o ABSOLUTE
    _printf_llo                              0x00000000   Number         0  stubs.o ABSOLUTE
    _printf_llu                              0x00000000   Number         0  stubs.o ABSOLUTE
    _printf_llx                              0x00000000   Number         0  stubs.o ABSOLUTE
    _printf_longlong_dec                     0x00000000   Number         0  stubs.o ABSOLUTE
    _printf_longlong_hex                     0x00000000   Number         0  stubs.o ABSOLUTE
    _printf_longlong_oct                     0x00000000   Number         0  stubs.o ABSOLUTE
    _printf_ls                               0x00000000   Number         0  stubs.o ABSOLUTE
    _printf_mbtowc                           0x00000000   Number         0  stubs.o ABSOLUTE
    _printf_n                                0x00000000   Number         0  stubs.o ABSOLUTE
    _printf_o                                0x00000000   Number         0  stubs.o ABSOLUTE
    _printf_p                                0x00000000   Number         0  stubs.o ABSOLUTE
    _printf_percent                          0x00000000   Number         0  stubs.o ABSOLUTE
    _printf_pre_padding                      0x00000000   Number         0  stubs.o ABSOLUTE
    _printf_return_value                     0x00000000   Number         0  stubs.o ABSOLUTE
    _printf_s                                0x00000000   Number         0  stubs.o ABSOLUTE
    _printf_sizespec                         0x00000000   Number         0  stubs.o ABSOLUTE
    _printf_str                              0x00000000   Number         0  stubs.o ABSOLUTE
    _printf_truncate_signed                  0x00000000   Number         0  stubs.o ABSOLUTE
    _printf_truncate_unsigned                0x00000000   Number         0  stubs.o ABSOLUTE
    _printf_u                                0x00000000   Number         0  stubs.o ABSOLUTE
    _printf_wc                               0x00000000   Number         0  stubs.o ABSOLUTE
    _printf_wctomb                           0x00000000   Number         0  stubs.o ABSOLUTE
    _printf_widthprec                        0x00000000   Number         0  stubs.o ABSOLUTE
    _printf_x                                0x00000000   Number         0  stubs.o ABSOLUTE
    __cpp_initialize__aeabi_                  - Undefined Weak Reference
    __cxa_finalize                            - Undefined Weak Reference
    _clock_init                               - Undefined Weak Reference
    _microlib_exit                            - Undefined Weak Reference
    __Vectors_Size                           0x00000188   Number         0  startup_stm32f302xc.o ABSOLUTE
    __Vectors                                0x08000000   Data           4  startup_stm32f302xc.o(RESET)
    __Vectors_End                            0x08000188   Data           0  startup_stm32f302xc.o(RESET)
    __main                                   0x08000189   Thumb Code     0  entry.o(.ARM.Collect$$$$00000000)
    _main_stk                                0x08000189   Thumb Code     0  entry2.o(.ARM.Collect$$$$00000001)
    _main_scatterload                        0x0800018d   Thumb Code     0  entry5.o(.ARM.Collect$$$$00000004)
    __main_after_scatterload                 0x08000191   Thumb Code     0  entry5.o(.ARM.Collect$$$$00000004)
    _main_clock                              0x08000191   Thumb Code     0  entry7b.o(.ARM.Collect$$$$00000008)
    _main_cpp_init                           0x08000191   Thumb Code     0  entry8b.o(.ARM.Collect$$$$0000000A)
    _main_init                               0x08000191   Thumb Code     0  entry9a.o(.ARM.Collect$$$$0000000B)
    __rt_final_cpp                           0x08000199   Thumb Code     0  entry10a.o(.ARM.Collect$$$$0000000D)
    __rt_final_exit                          0x08000199   Thumb Code     0  entry11a.o(.ARM.Collect$$$$0000000F)
    Reset_Handler                            0x0800019d   Thumb Code     8  startup_stm32f302xc.o(.text)
    CAN_RX1_IRQHandler                       0x080001b7   Thumb Code     0  startup_stm32f302xc.o(.text)
    CAN_SCE_IRQHandler                       0x080001b7   Thumb Code     0  startup_stm32f302xc.o(.text)
    COMP1_2_IRQHandler                       0x080001b7   Thumb Code     0  startup_stm32f302xc.o(.text)
    COMP4_6_IRQHandler                       0x080001b7   Thumb Code     0  startup_stm32f302xc.o(.text)
    DMA1_Channel4_IRQHandler                 0x080001b7   Thumb Code     0  startup_stm32f302xc.o(.text)
    DMA1_Channel5_IRQHandler                 0x080001b7   Thumb Code     0  startup_stm32f302xc.o(.text)
    DMA1_Channel6_IRQHandler                 0x080001b7   Thumb Code     0  startup_stm32f302xc.o(.text)
    DMA1_Channel7_IRQHandler                 0x080001b7   Thumb Code     0  startup_stm32f302xc.o(.text)
    DMA2_Channel1_IRQHandler                 0x080001b7   Thumb Code     0  startup_stm32f302xc.o(.text)
    DMA2_Channel2_IRQHandler                 0x080001b7   Thumb Code     0  startup_stm32f302xc.o(.text)
    DMA2_Channel3_IRQHandler                 0x080001b7   Thumb Code     0  startup_stm32f302xc.o(.text)
    DMA2_Channel4_IRQHandler                 0x080001b7   Thumb Code     0  startup_stm32f302xc.o(.text)
    DMA2_Channel5_IRQHandler                 0x080001b7   Thumb Code     0  startup_stm32f302xc.o(.text)
    EXTI0_IRQHandler                         0x080001b7   Thumb Code     0  startup_stm32f302xc.o(.text)
    EXTI15_10_IRQHandler                     0x080001b7   Thumb Code     0  startup_stm32f302xc.o(.text)
    EXTI1_IRQHandler                         0x080001b7   Thumb Code     0  startup_stm32f302xc.o(.text)
    EXTI2_TSC_IRQHandler                     0x080001b7   Thumb Code     0  startup_stm32f302xc.o(.text)
    EXTI3_IRQHandler                         0x080001b7   Thumb Code     0  startup_stm32f302xc.o(.text)
    EXTI4_IRQHandler                         0x080001b7   Thumb Code     0  startup_stm32f302xc.o(.text)
    EXTI9_5_IRQHandler                       0x080001b7   Thumb Code     0  startup_stm32f302xc.o(.text)
    FLASH_IRQHandler                         0x080001b7   Thumb Code     0  startup_stm32f302xc.o(.text)
    FPU_IRQHandler                           0x080001b7   Thumb Code     0  startup_stm32f302xc.o(.text)
    I2C1_ER_IRQHandler                       0x080001b7   Thumb Code     0  startup_stm32f302xc.o(.text)
    I2C1_EV_IRQHandler                       0x080001b7   Thumb Code     0  startup_stm32f302xc.o(.text)
    I2C2_ER_IRQHandler                       0x080001b7   Thumb Code     0  startup_stm32f302xc.o(.text)
    I2C2_EV_IRQHandler                       0x080001b7   Thumb Code     0  startup_stm32f302xc.o(.text)
    PVD_IRQHandler                           0x080001b7   Thumb Code     0  startup_stm32f302xc.o(.text)
    RCC_IRQHandler                           0x080001b7   Thumb Code     0  startup_stm32f302xc.o(.text)
    RTC_Alarm_IRQHandler                     0x080001b7   Thumb Code     0  startup_stm32f302xc.o(.text)
    RTC_WKUP_IRQHandler                      0x080001b7   Thumb Code     0  startup_stm32f302xc.o(.text)
    SPI1_IRQHandler                          0x080001b7   Thumb Code     0  startup_stm32f302xc.o(.text)
    SPI2_IRQHandler                          0x080001b7   Thumb Code     0  startup_stm32f302xc.o(.text)
    SPI3_IRQHandler                          0x080001b7   Thumb Code     0  startup_stm32f302xc.o(.text)
    TAMP_STAMP_IRQHandler                    0x080001b7   Thumb Code     0  startup_stm32f302xc.o(.text)
    TIM1_BRK_TIM15_IRQHandler                0x080001b7   Thumb Code     0  startup_stm32f302xc.o(.text)
    TIM1_CC_IRQHandler                       0x080001b7   Thumb Code     0  startup_stm32f302xc.o(.text)
    TIM1_TRG_COM_TIM17_IRQHandler            0x080001b7   Thumb Code     0  startup_stm32f302xc.o(.text)
    TIM3_IRQHandler                          0x080001b7   Thumb Code     0  startup_stm32f302xc.o(.text)
    TIM4_IRQHandler                          0x080001b7   Thumb Code     0  startup_stm32f302xc.o(.text)
    TIM6_DAC_IRQHandler                      0x080001b7   Thumb Code     0  startup_stm32f302xc.o(.text)
    UART4_IRQHandler                         0x080001b7   Thumb Code     0  startup_stm32f302xc.o(.text)
    UART5_IRQHandler                         0x080001b7   Thumb Code     0  startup_stm32f302xc.o(.text)
    USART1_IRQHandler                        0x080001b7   Thumb Code     0  startup_stm32f302xc.o(.text)
    USART2_IRQHandler                        0x080001b7   Thumb Code     0  startup_stm32f302xc.o(.text)
    USBWakeUp_IRQHandler                     0x080001b7   Thumb Code     0  startup_stm32f302xc.o(.text)
    USBWakeUp_RMP_IRQHandler                 0x080001b7   Thumb Code     0  startup_stm32f302xc.o(.text)
    USB_HP_CAN_TX_IRQHandler                 0x080001b7   Thumb Code     0  startup_stm32f302xc.o(.text)
    USB_HP_IRQHandler                        0x080001b7   Thumb Code     0  startup_stm32f302xc.o(.text)
    USB_LP_CAN_RX0_IRQHandler                0x080001b7   Thumb Code     0  startup_stm32f302xc.o(.text)
    USB_LP_IRQHandler                        0x080001b7   Thumb Code     0  startup_stm32f302xc.o(.text)
    WWDG_IRQHandler                          0x080001b7   Thumb Code     0  startup_stm32f302xc.o(.text)
    __aeabi_llsr                             0x080001c1   Thumb Code    32  llushr.o(.text)
    _ll_ushift_r                             0x080001c1   Thumb Code     0  llushr.o(.text)
    __aeabi_memset                           0x080001e1   Thumb Code    14  memseta.o(.text)
    __aeabi_memset4                          0x080001e1   Thumb Code     0  memseta.o(.text)
    __aeabi_memset8                          0x080001e1   Thumb Code     0  memseta.o(.text)
    __aeabi_memclr                           0x080001ef   Thumb Code     4  memseta.o(.text)
    __aeabi_memclr4                          0x080001ef   Thumb Code     0  memseta.o(.text)
    __aeabi_memclr8                          0x080001ef   Thumb Code     0  memseta.o(.text)
    _memset$wrapper                          0x080001f3   Thumb Code    18  memseta.o(.text)
    strlen                                   0x08000205   Thumb Code    14  strlen.o(.text)
    __aeabi_dadd                             0x08000213   Thumb Code   322  dadd.o(.text)
    __aeabi_dsub                             0x08000355   Thumb Code     6  dadd.o(.text)
    __aeabi_drsub                            0x0800035b   Thumb Code     6  dadd.o(.text)
    __aeabi_dmul                             0x08000361   Thumb Code   228  dmul.o(.text)
    __aeabi_ddiv                             0x08000445   Thumb Code   222  ddiv.o(.text)
    __aeabi_i2d                              0x08000523   Thumb Code    34  dflti.o(.text)
    __aeabi_ui2d                             0x08000545   Thumb Code    26  dfltui.o(.text)
    __aeabi_f2d                              0x0800055f   Thumb Code    38  f2d.o(.text)
    __aeabi_d2f                              0x08000585   Thumb Code    56  d2f.o(.text)
    __aeabi_uidiv                            0x080005bd   Thumb Code     0  uidiv.o(.text)
    __aeabi_uidivmod                         0x080005bd   Thumb Code    44  uidiv.o(.text)
    __aeabi_uldivmod                         0x080005e9   Thumb Code    98  uldiv.o(.text)
    __aeabi_llsl                             0x0800064b   Thumb Code    30  llshl.o(.text)
    _ll_shift_l                              0x0800064b   Thumb Code     0  llshl.o(.text)
    __aeabi_lasr                             0x08000669   Thumb Code    36  llsshr.o(.text)
    _ll_sshift_r                             0x08000669   Thumb Code     0  llsshr.o(.text)
    __I$use$fp                               0x0800068d   Thumb Code     0  iusefp.o(.text)
    _float_round                             0x0800068d   Thumb Code    18  fepilogue.o(.text)
    _float_epilogue                          0x0800069f   Thumb Code    92  fepilogue.o(.text)
    _double_round                            0x080006fb   Thumb Code    30  depilogue.o(.text)
    _double_epilogue                         0x08000719   Thumb Code   156  depilogue.o(.text)
    _dsqrt                                   0x080007b5   Thumb Code   162  dsqrt.o(.text)
    __aeabi_d2ulz                            0x08000857   Thumb Code    48  dfixul.o(.text)
    __aeabi_cdrcmple                         0x08000889   Thumb Code    48  cdrcmple.o(.text)
    __scatterload                            0x080008b9   Thumb Code    28  init.o(.text)
    __scatterload_rt2                        0x080008b9   Thumb Code     0  init.o(.text)
    __decompress                             0x080008dd   Thumb Code     0  __dczerorl.o(.text)
    __decompress0                            0x080008dd   Thumb Code    58  __dczerorl.o(.text)
    ADC1_2_IRQHandler                        0x08000919   Thumb Code     6  stm32f3xx_it.o(i.ADC1_2_IRQHandler)
    Beep_Init                                0x08000a45   Thumb Code    70  system_config.o(i.Beep_Init)
    Beep_Onoff                               0x08000a91   Thumb Code    20  system_config.o(i.Beep_Onoff)
    BusFault_Handler                         0x08000aa5   Thumb Code     2  stm32f3xx_it.o(i.BusFault_Handler)
    DMA1_Channel1_IRQHandler                 0x08000aa9   Thumb Code     6  stm32f3xx_it.o(i.DMA1_Channel1_IRQHandler)
    DMA1_Channel2_IRQHandler                 0x08000ab5   Thumb Code     6  stm32f3xx_it.o(i.DMA1_Channel2_IRQHandler)
    DMA1_Channel3_IRQHandler                 0x08000ac1   Thumb Code     6  stm32f3xx_it.o(i.DMA1_Channel3_IRQHandler)
    DebugMon_Handler                         0x08000b33   Thumb Code     2  stm32f3xx_it.o(i.DebugMon_Handler)
    Delay1us                                 0x08000b35   Thumb Code    12  rn8302b.o(i.Delay1us)
    Delay2us                                 0x08000b41   Thumb Code    12  main.o(i.Delay2us)
    Delay5ms                                 0x08000b4d   Thumb Code    26  rn8302b.o(i.Delay5ms)
    Delay_10ms                               0x08000b67   Thumb Code    28  main.o(i.Delay_10ms)
    Delay_ms                                 0x08000b83   Thumb Code    28  rn8302b.o(i.Delay_ms)
    Disp_ABC                                 0x08000ba1   Thumb Code   144  lcd_rt625181.o(i.Disp_ABC)
    Disp_Number1                             0x08000c35   Thumb Code   248  lcd_rt625181.o(i.Disp_Number1)
    Disp_Number2                             0x08000d39   Thumb Code   228  lcd_rt625181.o(i.Disp_Number2)
    Disp_Number3                             0x08000e29   Thumb Code   254  lcd_rt625181.o(i.Disp_Number3)
    Disp_Number4                             0x08000f35   Thumb Code   244  lcd_rt625181.o(i.Disp_Number4)
    Disp_Number5                             0x08001035   Thumb Code   232  lcd_rt625181.o(i.Disp_Number5)
    Disp_Ram                                 0x08001129   Thumb Code    22  lcd_rt625181.o(i.Disp_Ram)
    Disp_Sig                                 0x08001141   Thumb Code   168  lcd_rt625181.o(i.Disp_Sig)
    Disp_Temper                              0x080011ed   Thumb Code   172  lcd_rt625181.o(i.Disp_Temper)
    EleHandle_Loop                           0x080012a1   Thumb Code   154  tem_adc.o(i.EleHandle_Loop)
    Error_Handler                            0x08001365   Thumb Code     2  main.o(i.Error_Handler)
    FLASH_PageErase                          0x0800138d   Thumb Code    28  stm32f3xx_hal_flash_ex.o(i.FLASH_PageErase)
    FLASH_WaitForLastOperation               0x080013e5   Thumb Code    74  stm32f3xx_hal_flash.o(i.FLASH_WaitForLastOperation)
    HAL_ADCEx_Calibration_Start              0x08001709   Thumb Code   148  stm32f3xx_hal_adc_ex.o(i.HAL_ADCEx_Calibration_Start)
    HAL_ADCEx_InjectedConvCpltCallback       0x0800179d   Thumb Code     2  stm32f3xx_hal_adc_ex.o(i.HAL_ADCEx_InjectedConvCpltCallback)
    HAL_ADCEx_InjectedQueueOverflowCallback  0x0800179f   Thumb Code     2  stm32f3xx_hal_adc_ex.o(i.HAL_ADCEx_InjectedQueueOverflowCallback)
    HAL_ADCEx_LevelOutOfWindow2Callback      0x080017a1   Thumb Code     2  stm32f3xx_hal_adc_ex.o(i.HAL_ADCEx_LevelOutOfWindow2Callback)
    HAL_ADCEx_LevelOutOfWindow3Callback      0x080017a3   Thumb Code     2  stm32f3xx_hal_adc_ex.o(i.HAL_ADCEx_LevelOutOfWindow3Callback)
    HAL_ADCEx_MultiModeConfigChannel         0x080017a5   Thumb Code   212  stm32f3xx_hal_adc_ex.o(i.HAL_ADCEx_MultiModeConfigChannel)
    HAL_ADC_ConfigChannel                    0x08001881   Thumb Code   822  stm32f3xx_hal_adc_ex.o(i.HAL_ADC_ConfigChannel)
    HAL_ADC_ConvCpltCallback                 0x08001bcd   Thumb Code     2  stm32f3xx_hal_adc.o(i.HAL_ADC_ConvCpltCallback)
    HAL_ADC_ConvHalfCpltCallback             0x08001bcf   Thumb Code     2  stm32f3xx_hal_adc.o(i.HAL_ADC_ConvHalfCpltCallback)
    HAL_ADC_ErrorCallback                    0x08001bd1   Thumb Code     2  stm32f3xx_hal_adc.o(i.HAL_ADC_ErrorCallback)
    HAL_ADC_IRQHandler                       0x08001bd5   Thumb Code   612  stm32f3xx_hal_adc_ex.o(i.HAL_ADC_IRQHandler)
    HAL_ADC_Init                             0x08001e3d   Thumb Code   456  stm32f3xx_hal_adc_ex.o(i.HAL_ADC_Init)
    HAL_ADC_LevelOutOfWindowCallback         0x0800201d   Thumb Code     2  stm32f3xx_hal_adc.o(i.HAL_ADC_LevelOutOfWindowCallback)
    HAL_ADC_MspInit                          0x08002021   Thumb Code   170  stm32f3xx_hal_msp.o(i.HAL_ADC_MspInit)
    HAL_ADC_Start_DMA                        0x080020dd   Thumb Code   246  stm32f3xx_hal_adc_ex.o(i.HAL_ADC_Start_DMA)
    HAL_DMA_Abort                            0x080021e5   Thumb Code    48  stm32f3xx_hal_dma.o(i.HAL_DMA_Abort)
    HAL_DMA_Abort_IT                         0x08002215   Thumb Code    74  stm32f3xx_hal_dma.o(i.HAL_DMA_Abort_IT)
    HAL_DMA_IRQHandler                       0x0800225f   Thumb Code   170  stm32f3xx_hal_dma.o(i.HAL_DMA_IRQHandler)
    HAL_DMA_Init                             0x08002309   Thumb Code    78  stm32f3xx_hal_dma.o(i.HAL_DMA_Init)
    HAL_DMA_Start_IT                         0x08002357   Thumb Code   112  stm32f3xx_hal_dma.o(i.HAL_DMA_Start_IT)
    HAL_Delay                                0x080023c9   Thumb Code    32  stm32f3xx_hal.o(i.HAL_Delay)
    HAL_FLASHEx_Erase                        0x080023ed   Thumb Code   158  stm32f3xx_hal_flash_ex.o(i.HAL_FLASHEx_Erase)
    HAL_FLASH_Unlock                         0x08002495   Thumb Code    28  stm32f3xx_hal_flash.o(i.HAL_FLASH_Unlock)
    HAL_GPIO_Init                            0x080024bd   Thumb Code   370  stm32f3xx_hal_gpio.o(i.HAL_GPIO_Init)
    HAL_GPIO_ReadPin                         0x0800264d   Thumb Code    10  stm32f3xx_hal_gpio.o(i.HAL_GPIO_ReadPin)
    HAL_GPIO_WritePin                        0x08002657   Thumb Code    10  stm32f3xx_hal_gpio.o(i.HAL_GPIO_WritePin)
    HAL_GetTick                              0x08002661   Thumb Code     6  stm32f3xx_hal.o(i.HAL_GetTick)
    HAL_IWDG_Init                            0x0800266d   Thumb Code    92  stm32f3xx_hal_iwdg.o(i.HAL_IWDG_Init)
    HAL_IWDG_Refresh                         0x080026c9   Thumb Code    12  stm32f3xx_hal_iwdg.o(i.HAL_IWDG_Refresh)
    HAL_IncTick                              0x080026d5   Thumb Code    12  stm32f3xx_hal.o(i.HAL_IncTick)
    HAL_Init                                 0x080026e5   Thumb Code    32  stm32f3xx_hal.o(i.HAL_Init)
    HAL_InitTick                             0x08002709   Thumb Code    54  stm32f3xx_hal.o(i.HAL_InitTick)
    HAL_MspInit                              0x08002749   Thumb Code    38  stm32f3xx_hal_msp.o(i.HAL_MspInit)
    HAL_NVIC_DisableIRQ                      0x08002775   Thumb Code    22  stm32f3xx_hal_cortex.o(i.HAL_NVIC_DisableIRQ)
    HAL_NVIC_EnableIRQ                       0x0800278b   Thumb Code    22  stm32f3xx_hal_cortex.o(i.HAL_NVIC_EnableIRQ)
    HAL_NVIC_SetPriority                     0x080027a1   Thumb Code    60  stm32f3xx_hal_cortex.o(i.HAL_NVIC_SetPriority)
    HAL_NVIC_SetPriorityGrouping             0x080027e1   Thumb Code    26  stm32f3xx_hal_cortex.o(i.HAL_NVIC_SetPriorityGrouping)
    HAL_RCCEx_PeriphCLKConfig                0x08002805   Thumb Code   486  stm32f3xx_hal_rcc_ex.o(i.HAL_RCCEx_PeriphCLKConfig)
    HAL_RCC_ClockConfig                      0x080029f9   Thumb Code   314  stm32f3xx_hal_rcc.o(i.HAL_RCC_ClockConfig)
    HAL_RCC_GetPCLK1Freq                     0x08002b45   Thumb Code    34  stm32f3xx_hal_rcc.o(i.HAL_RCC_GetPCLK1Freq)
    HAL_RCC_GetPCLK2Freq                     0x08002b75   Thumb Code    34  stm32f3xx_hal_rcc.o(i.HAL_RCC_GetPCLK2Freq)
    HAL_RCC_GetSysClockFreq                  0x08002ba5   Thumb Code    84  stm32f3xx_hal_rcc.o(i.HAL_RCC_GetSysClockFreq)
    HAL_RCC_OscConfig                        0x08002c09   Thumb Code  1444  stm32f3xx_hal_rcc.o(i.HAL_RCC_OscConfig)
    HAL_SYSTICK_Config                       0x080031ad   Thumb Code    40  stm32f3xx_hal_cortex.o(i.HAL_SYSTICK_Config)
    HAL_TIMEx_Break2Callback                 0x080031d5   Thumb Code     2  stm32f3xx_hal_tim_ex.o(i.HAL_TIMEx_Break2Callback)
    HAL_TIMEx_BreakCallback                  0x080031d7   Thumb Code     2  stm32f3xx_hal_tim_ex.o(i.HAL_TIMEx_BreakCallback)
    HAL_TIMEx_CommutationCallback            0x080031d9   Thumb Code     2  stm32f3xx_hal_tim_ex.o(i.HAL_TIMEx_CommutationCallback)
    HAL_TIMEx_MasterConfigSynchronization    0x080031dd   Thumb Code    72  stm32f3xx_hal_tim_ex.o(i.HAL_TIMEx_MasterConfigSynchronization)
    HAL_TIM_Base_Init                        0x08003229   Thumb Code    54  stm32f3xx_hal_tim.o(i.HAL_TIM_Base_Init)
    HAL_TIM_Base_MspInit                     0x08003261   Thumb Code    86  stm32f3xx_hal_msp.o(i.HAL_TIM_Base_MspInit)
    HAL_TIM_Base_Start_IT                    0x080032c1   Thumb Code    24  stm32f3xx_hal_tim.o(i.HAL_TIM_Base_Start_IT)
    HAL_TIM_Base_Stop_IT                     0x080032d9   Thumb Code    42  stm32f3xx_hal_tim.o(i.HAL_TIM_Base_Stop_IT)
    HAL_TIM_ConfigClockSource                0x08003305   Thumb Code   244  stm32f3xx_hal_tim.o(i.HAL_TIM_ConfigClockSource)
    HAL_TIM_IC_CaptureCallback               0x080033fd   Thumb Code     2  stm32f3xx_hal_tim.o(i.HAL_TIM_IC_CaptureCallback)
    HAL_TIM_IRQHandler                       0x080033ff   Thumb Code   388  stm32f3xx_hal_tim.o(i.HAL_TIM_IRQHandler)
    HAL_TIM_OC_DelayElapsedCallback          0x08003583   Thumb Code     2  stm32f3xx_hal_tim.o(i.HAL_TIM_OC_DelayElapsedCallback)
    HAL_TIM_PWM_PulseFinishedCallback        0x08003585   Thumb Code     2  stm32f3xx_hal_tim.o(i.HAL_TIM_PWM_PulseFinishedCallback)
    HAL_TIM_PeriodElapsedCallback            0x08003589   Thumb Code   104  tem_adc.o(i.HAL_TIM_PeriodElapsedCallback)
    HAL_TIM_TriggerCallback                  0x0800360d   Thumb Code     2  stm32f3xx_hal_tim.o(i.HAL_TIM_TriggerCallback)
    HAL_UARTEx_WakeupCallback                0x0800360f   Thumb Code     2  stm32f3xx_hal_uart_ex.o(i.HAL_UARTEx_WakeupCallback)
    HAL_UART_DMAStop                         0x08003611   Thumb Code    84  stm32f3xx_hal_uart.o(i.HAL_UART_DMAStop)
    HAL_UART_ErrorCallback                   0x08003665   Thumb Code     2  stm32f3xx_hal_uart.o(i.HAL_UART_ErrorCallback)
    HAL_UART_IRQHandler                      0x08003669   Thumb Code   316  stm32f3xx_hal_uart.o(i.HAL_UART_IRQHandler)
    HAL_UART_Init                            0x080037a9   Thumb Code   106  stm32f3xx_hal_uart.o(i.HAL_UART_Init)
    HAL_UART_MspInit                         0x08003815   Thumb Code   214  stm32f3xx_hal_msp.o(i.HAL_UART_MspInit)
    HAL_UART_Receive_DMA                     0x08003905   Thumb Code   134  stm32f3xx_hal_uart.o(i.HAL_UART_Receive_DMA)
    HAL_UART_RxCpltCallback                  0x08003999   Thumb Code    18  main.o(i.HAL_UART_RxCpltCallback)
    HAL_UART_RxHalfCpltCallback              0x080039b5   Thumb Code     2  stm32f3xx_hal_uart.o(i.HAL_UART_RxHalfCpltCallback)
    HAL_UART_Transmit_DMA                    0x080039b9   Thumb Code   122  stm32f3xx_hal_uart.o(i.HAL_UART_Transmit_DMA)
    HAL_UART_TxCpltCallback                  0x08003a41   Thumb Code     2  stm32f3xx_hal_uart.o(i.HAL_UART_TxCpltCallback)
    HAL_UART_TxHalfCpltCallback              0x08003a43   Thumb Code     2  stm32f3xx_hal_uart.o(i.HAL_UART_TxHalfCpltCallback)
    HAL_USART_User                           0x08003a45   Thumb Code   130  m2g.o(i.HAL_USART_User)
    HardFault_Handler                        0x08003ae1   Thumb Code     2  stm32f3xx_it.o(i.HardFault_Handler)
    Key_ClearEvent                           0x08003ae5   Thumb Code     8  touchkey.o(i.Key_ClearEvent)
    Key_GetEvent                             0x08003af1   Thumb Code    56  touchkey.o(i.Key_GetEvent)
    Key_HandleByUser                         0x08003b31   Thumb Code   348  system_config.o(i.Key_HandleByUser)
    Key_Loop                                 0x08003c99   Thumb Code   128  touchkey.o(i.Key_Loop)
    Key_PeriodHandle                         0x08003d1d   Thumb Code    30  touchkey.o(i.Key_PeriodHandle)
    Key_Press                                0x08003d41   Thumb Code    48  touchkey.o(i.Key_Press)
    Key_ReadFactory                          0x08003d79   Thumb Code    46  touchkey.o(i.Key_ReadFactory)
    Key_VirtualInit                          0x08003dad   Thumb Code    34  touchkey.o(i.Key_VirtualInit)
    LCD_PowerOn                              0x08003dd9   Thumb Code    66  lcd_rt625181.o(i.LCD_PowerOn)
    M26_PowerOn                              0x08003e25   Thumb Code   112  main.o(i.M26_PowerOn)
    MX_IWDG_Init1                            0x08003f59   Thumb Code    22  main.o(i.MX_IWDG_Init1)
    MemManage_Handler                        0x0800407d   Thumb Code     2  stm32f3xx_it.o(i.MemManage_Handler)
    Mode_adjust                              0x08004081   Thumb Code    24  system_config.o(i.Mode_adjust)
    NMI_Handler                              0x0800409d   Thumb Code     2  stm32f3xx_it.o(i.NMI_Handler)
    PendSV_Handler                           0x080040bf   Thumb Code     2  stm32f3xx_it.o(i.PendSV_Handler)
    Query_Init                               0x080040c1   Thumb Code     6  m2g.o(i.Query_Init)
    RN8302B_CalibConfig                      0x080040dd   Thumb Code    42  rn8302b.o(i.RN8302B_CalibConfig)
    RN8302B_DCOffset                         0x08004109   Thumb Code    68  rn8302b.o(i.RN8302B_DCOffset)
    RN8302_CalibrateCurrentOffset            0x08004151   Thumb Code   184  rn8302b.o(i.RN8302_CalibrateCurrentOffset)
    RN8302_CalibrateIGain                    0x08004211   Thumb Code   236  rn8302b.o(i.RN8302_CalibrateIGain)
    RN8302_CalibrateInit                     0x08004319   Thumb Code   692  rn8302b.o(i.RN8302_CalibrateInit)
    RN8302_CalibrateUGain                    0x080045d5   Thumb Code   278  rn8302b.o(i.RN8302_CalibrateUGain)
    RN830B_SoftInit                          0x0800470d   Thumb Code   238  rn8302b.o(i.RN830B_SoftInit)
    ReadAvol                                 0x08004809   Thumb Code   536  rn8302b.o(i.ReadAvol)
    SVC_Handler                              0x08004a65   Thumb Code     2  stm32f3xx_it.o(i.SVC_Handler)
    Switch_Alm                               0x08004a69   Thumb Code    18  system_config.o(i.Switch_Alm)
    Switch_Init                              0x08004a81   Thumb Code    78  system_config.o(i.Switch_Init)
    SysTem_SaveFileInit                      0x08004ad9   Thumb Code    30  system_config.o(i.SysTem_SaveFileInit)
    SysTick_Handler                          0x08004b01   Thumb Code     4  stm32f3xx_it.o(i.SysTick_Handler)
    SystemClock_Config                       0x08004b05   Thumb Code   110  main.o(i.SystemClock_Config)
    SystemInit                               0x08004b75   Thumb Code    82  system_stm32f3xx.o(i.SystemInit)
    System_Config                            0x08004bdd   Thumb Code    56  system_config.o(i.System_Config)
    System_EnterMode                         0x08004c19   Thumb Code   166  system_config.o(i.System_EnterMode)
    System_Led_Init                          0x08004cc9   Thumb Code   112  system_config.o(i.System_Led_Init)
    System_Led_Onoff                         0x08004d3d   Thumb Code    48  system_config.o(i.System_Led_Onoff)
    System_TimerPeriod                       0x08004d6d   Thumb Code   208  system_config.o(i.System_TimerPeriod)
    System_TimerUpdate                       0x08004e45   Thumb Code   342  system_config.o(i.System_TimerUpdate)
    TIM1_UP_TIM16_IRQHandler                 0x08004fb1   Thumb Code    28  stm32f3xx_it.o(i.TIM1_UP_TIM16_IRQHandler)
    TIM2_IRQHandler                          0x08004fd5   Thumb Code     6  stm32f3xx_it.o(i.TIM2_IRQHandler)
    TIM_Base_SetConfig                       0x08004fe1   Thumb Code   126  stm32f3xx_hal_tim.o(i.TIM_Base_SetConfig)
    TIM_ETR_SetConfig                        0x08005079   Thumb Code    20  stm32f3xx_hal_tim.o(i.TIM_ETR_SetConfig)
    Tem_AdcInit                              0x080050e5   Thumb Code    34  tem_adc.o(i.Tem_AdcInit)
    Tem_AdcLoop                              0x08005119   Thumb Code    98  tem_adc.o(i.Tem_AdcLoop)
    Tem_Gettemplate                          0x08005189   Thumb Code   104  tem_adc.o(i.Tem_Gettemplate)
    UART_AdvFeatureConfig                    0x08005205   Thumb Code   200  stm32f3xx_hal_uart.o(i.UART_AdvFeatureConfig)
    UART_CheckIdleState                      0x080052cd   Thumb Code    92  stm32f3xx_hal_uart.o(i.UART_CheckIdleState)
    UART_EndTransmit_IT                      0x08005425   Thumb Code    26  stm32f3xx_hal_uart.o(i.UART_EndTransmit_IT)
    UART_Receive_IT                          0x08005451   Thumb Code   118  stm32f3xx_hal_uart.o(i.UART_Receive_IT)
    UART_SetConfig                           0x080054c9   Thumb Code   434  stm32f3xx_hal_uart.o(i.UART_SetConfig)
    UART_Transmit_IT                         0x0800569d   Thumb Code    98  stm32f3xx_hal_uart.o(i.UART_Transmit_IT)
    UART_WaitOnFlagUntilTimeout              0x080056ff   Thumb Code    98  stm32f3xx_hal_uart.o(i.UART_WaitOnFlagUntilTimeout)
    USART3_IRQHandler                        0x08005761   Thumb Code    16  stm32f3xx_it.o(i.USART3_IRQHandler)
    UsageFault_Handler                       0x08005775   Thumb Code     2  stm32f3xx_it.o(i.UsageFault_Handler)
    Watch_Loop                               0x08005779   Thumb Code   340  system_config.o(i.Watch_Loop)
    __0sprintf                               0x080058d9   Thumb Code    34  printfa.o(i.__0sprintf)
    __1sprintf                               0x080058d9   Thumb Code     0  printfa.o(i.__0sprintf)
    __2sprintf                               0x080058d9   Thumb Code     0  printfa.o(i.__0sprintf)
    __c89sprintf                             0x080058d9   Thumb Code     0  printfa.o(i.__0sprintf)
    sprintf                                  0x080058d9   Thumb Code     0  printfa.o(i.__0sprintf)
    __hardfp_sqrt                            0x08005901   Thumb Code   122  sqrt.o(i.__hardfp_sqrt)
    __scatterload_copy                       0x0800597b   Thumb Code    14  handlers.o(i.__scatterload_copy)
    __scatterload_null                       0x08005989   Thumb Code     2  handlers.o(i.__scatterload_null)
    __scatterload_zeroinit                   0x0800598b   Thumb Code    14  handlers.o(i.__scatterload_zeroinit)
    __set_errno                              0x08005999   Thumb Code     6  errno.o(i.__set_errno)
    delay_ms                                 0x08006261   Thumb Code    20  rn8302b.o(i.delay_ms)
    delay_us                                 0x08006275   Thumb Code    12  ht1622x.o(i.delay_us)
    dispLCD_Loop                             0x08006281   Thumb Code   340  lcd_rt625181.o(i.dispLCD_Loop)
    dispMA1                                  0x080063e5   Thumb Code   354  lcd_rt625181.o(i.dispMA1)
    dispMA2                                  0x08006551   Thumb Code   326  lcd_rt625181.o(i.dispMA2)
    dispPassword                             0x080066a1   Thumb Code   232  lcd_rt625181.o(i.dispPassword)
    dispSystick                              0x0800679d   Thumb Code    10  lcd_rt625181.o(i.dispSystick)
    dispVol                                  0x080067ad   Thumb Code   186  lcd_rt625181.o(i.dispVol)
    disp_Flag                                0x08006871   Thumb Code   118  lcd_rt625181.o(i.disp_Flag)
    disp_init                                0x080068ed   Thumb Code    40  lcd_rt625181.o(i.disp_init)
    fnDelay2us                               0x08006915   Thumb Code    12  rn8302b.o(i.fnDelay2us)
    fnRN8302_Init                            0x08006921   Thumb Code   638  rn8302b.o(i.fnRN8302_Init)
    ht1622x_display_all                      0x08007051   Thumb Code    54  ht1622x.o(i.ht1622x_display_all)
    ht1622x_init                             0x08007087   Thumb Code    34  ht1622x.o(i.ht1622x_init)
    ht1622x_send_bits                        0x080070a9   Thumb Code    56  ht1622x.o(i.ht1622x_send_bits)
    ht1622x_send_cmd                         0x080070e1   Thumb Code    54  ht1622x.o(i.ht1622x_send_cmd)
    ht1622x_send_data                        0x08007117   Thumb Code    54  ht1622x.o(i.ht1622x_send_data)
    m26_send                                 0x0800714d   Thumb Code    22  m2g.o(i.m26_send)
    main                                     0x08007169   Thumb Code   274  main.o(i.main)
    touchBSP                                 0x08007285   Thumb Code    64  touchkey.o(i.touchBSP)
    TEMPER_TABLE                             0x080072cc   Data        1520  tem_adc.o(.constdata)
    LeakTable                                0x080078bc   Data         312  tem_adc.o(.constdata)
    number_table1                            0x08007a3a   Data          10  lcd_rt625181.o(.constdata)
    number_table2                            0x08007a44   Data          10  lcd_rt625181.o(.constdata)
    number_table5                            0x08007a4e   Data          10  lcd_rt625181.o(.constdata)
    number_table6                            0x08007a58   Data          10  lcd_rt625181.o(.constdata)
    number_table7                            0x08007a62   Data          10  lcd_rt625181.o(.constdata)
    number_table8                            0x08007a6c   Data          10  lcd_rt625181.o(.constdata)
    aPLLMULFactorTable                       0x08007a76   Data          16  stm32f3xx_hal_rcc.o(.constdata)
    aPredivFactorTable                       0x08007a86   Data          16  stm32f3xx_hal_rcc.o(.constdata)
    AHBPrescTable                            0x08007a96   Data          16  system_stm32f3xx.o(.constdata)
    APBPrescTable                            0x08007aa6   Data           8  system_stm32f3xx.o(.constdata)
    Region$$Table$$Base                      0x08007ab8   Number         0  anon$$obj.o(Region$$Table)
    Region$$Table$$Limit                     0x08007ad8   Number         0  anon$$obj.o(Region$$Table)
    rx_flag                                  0x20000000   Data           4  main.o(.data)
    rx_cnt1                                  0x20000004   Data           4  main.o(.data)
    blackuart                                0x20000008   Data         256  main.o(.data)
    ledstatus                                0x20000108   Data           1  system_config.o(.data)
    enternfactormode                         0x20000109   Data           1  system_config.o(.data)
    gSystemmsemodenable                      0x2000010a   Data           1  system_config.o(.data)
    minutecnt                                0x2000010c   Data           4  system_config.o(.data)
    adcenable                                0x20000110   Data           4  system_config.o(.data)
    Rn8302_enable                            0x20000114   Data           4  system_config.o(.data)
    gsystem_run                              0x20000118   Data           4  system_config.o(.data)
    gsystime5s                               0x2000011c   Data           4  system_config.o(.data)
    gbeepflag1                               0x20000120   Data           4  system_config.o(.data)
    gbeepflag2                               0x20000124   Data           4  system_config.o(.data)
    temperenable                             0x20000128   Data           4  system_config.o(.data)
    leakenable                               0x2000012c   Data           4  system_config.o(.data)
    lockdowmenable                           0x20000130   Data           4  system_config.o(.data)
    password                                 0x20000134   Data           4  system_config.o(.data)
    msemode                                  0x20000138   Data           4  system_config.o(.data)
    passwordindex                            0x2000013c   Data           4  system_config.o(.data)
    gLeakCurrent                             0x20000140   Data           4  tem_adc.o(.data)
    testFactoryadc                           0x20000144   Data           4  tem_adc.o(.data)
    EleFinish                                0x20000148   Data           4  tem_adc.o(.data)
    gEleGather                               0x2000014c   Data           4  tem_adc.o(.data)
    testgLeak                                0x20000150   Data           4  tem_adc.o(.data)
    testtemper                               0x20000158   Data           4  tem_adc.o(.data)
    indexmax                                 0x2000015c   Data           4  tem_adc.o(.data)
    indexmin                                 0x20000160   Data           4  tem_adc.o(.data)
    SysStamp                                 0x20000164   Data           2  rn8302b.o(.data)
    regstatus                                0x20000166   Data           2  rn8302b.o(.data)
    testxt123                                0x20000168   Data           4  rn8302b.o(.data)
    test                                     0x2000016c   Data           4  rn8302b.o(.data)
    channel_status                           0x20000170   Data           1  lcd_rt625181.o(.data)
    gdispSystick                             0x20000174   Data           4  lcd_rt625181.o(.data)
    uwTickFreq                               0x20000178   Data           1  stm32f3xx_hal.o(.data)
    uwTickPrio                               0x2000017c   Data           4  stm32f3xx_hal.o(.data)
    uwTick                                   0x20000180   Data           4  stm32f3xx_hal.o(.data)
    SystemCoreClock                          0x20000184   Data           4  system_stm32f3xx.o(.data)
    m26_Initable                             0x20000188   Data           4  m2g.o(.data)
    sendserverstatus                         0x2000018c   Data           4  m2g.o(.data)
    gStatus_reportsta                        0x20000190   Data           4  m2g.o(.data)
    reportloopenable                         0x20000194   Data           4  m2g.o(.data)
    gHeart_BeatStatus                        0x20000198   Data           4  m2g.o(.data)
    gHeart_Beatenable                        0x2000019c   Data           4  m2g.o(.data)
    mkeystatus                               0x200001a0   Data           1  touchkey.o(.data)
    mkeywrite                                0x200001a4   Data           1  touchkey.o(.data)
    mkeyread                                 0x200001a8   Data           1  touchkey.o(.data)
    mLastKeyRead                             0x200001a9   Data           1  touchkey.o(.data)
    mKeySaveEnable                           0x200001aa   Data           1  touchkey.o(.data)
    _key_value                               0x200001ac   Data           2  touchkey.o(.data)
    _key_valuestatus                         0x200001ae   Data           2  touchkey.o(.data)
    keyEventValue                            0x200001b0   Data           2  touchkey.o(.data)
    device_name                              0x200001b4   Data           4  touchkey.o(.data)
    mKey_PressCnt                            0x200001b8   Data           4  touchkey.o(.data)
    mKey_ShortCnt                            0x200001bc   Data           4  touchkey.o(.data)
    mkeyLongEnv                              0x200001c0   Data           4  touchkey.o(.data)
    _curreadKey                              0x200001c4   Data           4  touchkey.o(.data)
    gkey_timer_1msenable                     0x200001c8   Data           4  touchkey.o(.data)
    lastkeyastatus                           0x200001d0   Data           4  touchkey.o(.data)
    lastkeybstatus                           0x200001d4   Data           4  touchkey.o(.data)
    lastkeycstatus                           0x200001d8   Data           4  touchkey.o(.data)
    hadc1                                    0x200001e0   Data          84  main.o(.bss)
    hiwdg                                    0x20000234   Data          16  main.o(.bss)
    huart3                                   0x20000244   Data         112  main.o(.bss)
    htim1                                    0x200002b4   Data          64  main.o(.bss)
    htim2                                    0x200002f4   Data          64  main.o(.bss)
    hdma_adc1                                0x20000334   Data          68  main.o(.bss)
    hdma_usart3_rx                           0x20000378   Data          68  main.o(.bss)
    hdma_usart3_tx                           0x200003bc   Data          68  main.o(.bss)
    gEnternmode                              0x20000400   Data          16  system_config.o(.bss)
    gEnternmodeenable                        0x20000410   Data          16  system_config.o(.bss)
    gSystem_TimeInfo                         0x20000420   Data          44  system_config.o(.bss)
    gSystem_Info                             0x2000044c   Data         184  system_config.o(.bss)
    Gather_temper                            0x20000510   Data          20  tem_adc.o(.bss)
    adc_value1                               0x20000524   Data        2560  tem_adc.o(.bss)
    uhADCxConvertedValue                     0x20000f24   Data          20  tem_adc.o(.bss)
    EleADCCalue                              0x20000f38   Data         800  tem_adc.o(.bss)
    Dl645FrontTmp                            0x20001258   Data         536  rn8302b.o(.bss)
    Dl645Front                               0x20001470   Data         448  rn8302b.o(.bss)
    Dl645Eg                                  0x20001630   Data         760  rn8302b.o(.bss)
    Dl645FirmPara                            0x20001928   Data         112  rn8302b.o(.bss)
    StDef_RN8302Para_Reg                     0x20001998   Data          19  rn8302b.o(.bss)
    gRN_Info                                 0x200019ac   Data          56  rn8302b.o(.bss)
    testAwave                                0x200019e4   Data          12  rn8302b.o(.bss)
    testIwave                                0x200019f0   Data          12  rn8302b.o(.bss)
    testPower                                0x200019fc   Data          12  rn8302b.o(.bss)
    dc_offser_regbuf                         0x20001a08   Data          12  rn8302b.o(.bss)
    glcd_raminfo                             0x20001a14   Data          50  lcd_rt625181.o(.bss)
    pFlash                                   0x20001a48   Data          32  stm32f3xx_hal_flash.o(.bss)
    gQuer_M2GManeger                         0x20001a68   Data          52  m2g.o(.bss)
    mKeyPool                                 0x20001a9c   Data          10  touchkey.o(.bss)
    mKeyStatusPool                           0x20001aa8   Data          10  touchkey.o(.bss)
    __initial_sp                             0x20001eb8   Data           0  startup_stm32f302xc.o(STACK)



==============================================================================

Memory Map of the image

  Image Entry point : 0x08000189

  Load Region LR_IROM1 (Base: 0x08000000, Size: 0x00007cb8, Max: 0x00020000, ABSOLUTE, COMPRESSED[0x00007af8])

    Execution Region ER_IROM1 (Exec base: 0x08000000, Load base: 0x08000000, Size: 0x00007ad8, Max: 0x00020000, ABSOLUTE)

    Exec Addr    Load Addr    Size         Type   Attr      Idx    E Section Name        Object

    0x08000000   0x08000000   0x00000188   Data   RO            3    RESET               startup_stm32f302xc.o
    0x08000188   0x08000188   0x00000000   Code   RO         4604  * .ARM.Collect$$$$00000000  mc_w.l(entry.o)
    0x08000188   0x08000188   0x00000004   Code   RO         4896    .ARM.Collect$$$$00000001  mc_w.l(entry2.o)
    0x0800018c   0x0800018c   0x00000004   Code   RO         4899    .ARM.Collect$$$$00000004  mc_w.l(entry5.o)
    0x08000190   0x08000190   0x00000000   Code   RO         4901    .ARM.Collect$$$$00000008  mc_w.l(entry7b.o)
    0x08000190   0x08000190   0x00000000   Code   RO         4903    .ARM.Collect$$$$0000000A  mc_w.l(entry8b.o)
    0x08000190   0x08000190   0x00000008   Code   RO         4904    .ARM.Collect$$$$0000000B  mc_w.l(entry9a.o)
    0x08000198   0x08000198   0x00000000   Code   RO         4906    .ARM.Collect$$$$0000000D  mc_w.l(entry10a.o)
    0x08000198   0x08000198   0x00000000   Code   RO         4908    .ARM.Collect$$$$0000000F  mc_w.l(entry11a.o)
    0x08000198   0x08000198   0x00000004   Code   RO         4897    .ARM.Collect$$$$00002712  mc_w.l(entry2.o)
    0x0800019c   0x0800019c   0x00000024   Code   RO            4    .text               startup_stm32f302xc.o
    0x080001c0   0x080001c0   0x00000020   Code   RO         4607    .text               mc_w.l(llushr.o)
    0x080001e0   0x080001e0   0x00000024   Code   RO         4611    .text               mc_w.l(memseta.o)
    0x08000204   0x08000204   0x0000000e   Code   RO         4615    .text               mc_w.l(strlen.o)
    0x08000212   0x08000212   0x0000014e   Code   RO         4880    .text               mf_w.l(dadd.o)
    0x08000360   0x08000360   0x000000e4   Code   RO         4882    .text               mf_w.l(dmul.o)
    0x08000444   0x08000444   0x000000de   Code   RO         4884    .text               mf_w.l(ddiv.o)
    0x08000522   0x08000522   0x00000022   Code   RO         4886    .text               mf_w.l(dflti.o)
    0x08000544   0x08000544   0x0000001a   Code   RO         4888    .text               mf_w.l(dfltui.o)
    0x0800055e   0x0800055e   0x00000026   Code   RO         4892    .text               mf_w.l(f2d.o)
    0x08000584   0x08000584   0x00000038   Code   RO         4894    .text               mf_w.l(d2f.o)
    0x080005bc   0x080005bc   0x0000002c   Code   RO         4913    .text               mc_w.l(uidiv.o)
    0x080005e8   0x080005e8   0x00000062   Code   RO         4915    .text               mc_w.l(uldiv.o)
    0x0800064a   0x0800064a   0x0000001e   Code   RO         4917    .text               mc_w.l(llshl.o)
    0x08000668   0x08000668   0x00000024   Code   RO         4919    .text               mc_w.l(llsshr.o)
    0x0800068c   0x0800068c   0x00000000   Code   RO         4928    .text               mc_w.l(iusefp.o)
    0x0800068c   0x0800068c   0x0000006e   Code   RO         4929    .text               mf_w.l(fepilogue.o)
    0x080006fa   0x080006fa   0x000000ba   Code   RO         4931    .text               mf_w.l(depilogue.o)
    0x080007b4   0x080007b4   0x000000a2   Code   RO         4933    .text               mf_w.l(dsqrt.o)
    0x08000856   0x08000856   0x00000030   Code   RO         4935    .text               mf_w.l(dfixul.o)
    0x08000886   0x08000886   0x00000002   PAD
    0x08000888   0x08000888   0x00000030   Code   RO         4939    .text               mf_w.l(cdrcmple.o)
    0x080008b8   0x080008b8   0x00000024   Code   RO         4941    .text               mc_w.l(init.o)
    0x080008dc   0x080008dc   0x0000003a   Code   RO         4953    .text               mc_w.l(__dczerorl.o)
    0x08000916   0x08000916   0x00000002   PAD
    0x08000918   0x08000918   0x0000000c   Code   RO          260    i.ADC1_2_IRQHandler  stm32f3xx_it.o
    0x08000924   0x08000924   0x00000044   Code   RO         1466    i.ADC_DMAConvCplt   stm32f3xx_hal_adc_ex.o
    0x08000968   0x08000968   0x00000016   Code   RO         1467    i.ADC_DMAError      stm32f3xx_hal_adc_ex.o
    0x0800097e   0x0800097e   0x00000006   Code   RO         1468    i.ADC_DMAHalfConvCplt  stm32f3xx_hal_adc_ex.o
    0x08000984   0x08000984   0x00000060   Code   RO         1469    i.ADC_Disable       stm32f3xx_hal_adc_ex.o
    0x080009e4   0x080009e4   0x00000060   Code   RO         1470    i.ADC_Enable        stm32f3xx_hal_adc_ex.o
    0x08000a44   0x08000a44   0x0000004c   Code   RO          440    i.Beep_Init         system_config.o
    0x08000a90   0x08000a90   0x00000014   Code   RO          441    i.Beep_Onoff        system_config.o
    0x08000aa4   0x08000aa4   0x00000002   Code   RO          261    i.BusFault_Handler  stm32f3xx_it.o
    0x08000aa6   0x08000aa6   0x00000002   PAD
    0x08000aa8   0x08000aa8   0x0000000c   Code   RO          262    i.DMA1_Channel1_IRQHandler  stm32f3xx_it.o
    0x08000ab4   0x08000ab4   0x0000000c   Code   RO          263    i.DMA1_Channel2_IRQHandler  stm32f3xx_it.o
    0x08000ac0   0x08000ac0   0x0000000c   Code   RO          264    i.DMA1_Channel3_IRQHandler  stm32f3xx_it.o
    0x08000acc   0x08000acc   0x0000003c   Code   RO         3455    i.DMA_CalcBaseAndBitshift  stm32f3xx_hal_dma.o
    0x08000b08   0x08000b08   0x0000002a   Code   RO         3456    i.DMA_SetConfig     stm32f3xx_hal_dma.o
    0x08000b32   0x08000b32   0x00000002   Code   RO          265    i.DebugMon_Handler  stm32f3xx_it.o
    0x08000b34   0x08000b34   0x0000000c   Code   RO          663    i.Delay1us          rn8302b.o
    0x08000b40   0x08000b40   0x0000000c   Code   RO           13    i.Delay2us          main.o
    0x08000b4c   0x08000b4c   0x0000001a   Code   RO          664    i.Delay5ms          rn8302b.o
    0x08000b66   0x08000b66   0x0000001c   Code   RO           14    i.Delay_10ms        main.o
    0x08000b82   0x08000b82   0x0000001c   Code   RO          665    i.Delay_ms          rn8302b.o
    0x08000b9e   0x08000b9e   0x00000002   PAD
    0x08000ba0   0x08000ba0   0x00000094   Code   RO         1035    i.Disp_ABC          lcd_rt625181.o
    0x08000c34   0x08000c34   0x00000104   Code   RO         1036    i.Disp_Number1      lcd_rt625181.o
    0x08000d38   0x08000d38   0x000000f0   Code   RO         1037    i.Disp_Number2      lcd_rt625181.o
    0x08000e28   0x08000e28   0x0000010c   Code   RO         1038    i.Disp_Number3      lcd_rt625181.o
    0x08000f34   0x08000f34   0x00000100   Code   RO         1039    i.Disp_Number4      lcd_rt625181.o
    0x08001034   0x08001034   0x000000f4   Code   RO         1040    i.Disp_Number5      lcd_rt625181.o
    0x08001128   0x08001128   0x00000016   Code   RO         1042    i.Disp_Ram          lcd_rt625181.o
    0x0800113e   0x0800113e   0x00000002   PAD
    0x08001140   0x08001140   0x000000ac   Code   RO         1043    i.Disp_Sig          lcd_rt625181.o
    0x080011ec   0x080011ec   0x000000b4   Code   RO         1044    i.Disp_Temper       lcd_rt625181.o
    0x080012a0   0x080012a0   0x000000c4   Code   RO          582    i.EleHandle_Loop    tem_adc.o
    0x08001364   0x08001364   0x00000002   Code   RO           15    i.Error_Handler     main.o
    0x08001366   0x08001366   0x00000002   PAD
    0x08001368   0x08001368   0x00000024   Code   RO         3931    i.FLASH_MassErase   stm32f3xx_hal_flash_ex.o
    0x0800138c   0x0800138c   0x00000024   Code   RO         3936    i.FLASH_PageErase   stm32f3xx_hal_flash_ex.o
    0x080013b0   0x080013b0   0x00000034   Code   RO         3829    i.FLASH_SetErrorCode  stm32f3xx_hal_flash.o
    0x080013e4   0x080013e4   0x00000050   Code   RO         3830    i.FLASH_WaitForLastOperation  stm32f3xx_hal_flash.o
    0x08001434   0x08001434   0x000002d4   Code   RO          583    i.GetLeak           tem_adc.o
    0x08001708   0x08001708   0x00000094   Code   RO         1473    i.HAL_ADCEx_Calibration_Start  stm32f3xx_hal_adc_ex.o
    0x0800179c   0x0800179c   0x00000002   Code   RO         1475    i.HAL_ADCEx_InjectedConvCpltCallback  stm32f3xx_hal_adc_ex.o
    0x0800179e   0x0800179e   0x00000002   Code   RO         1478    i.HAL_ADCEx_InjectedQueueOverflowCallback  stm32f3xx_hal_adc_ex.o
    0x080017a0   0x080017a0   0x00000002   Code   RO         1483    i.HAL_ADCEx_LevelOutOfWindow2Callback  stm32f3xx_hal_adc_ex.o
    0x080017a2   0x080017a2   0x00000002   Code   RO         1484    i.HAL_ADCEx_LevelOutOfWindow3Callback  stm32f3xx_hal_adc_ex.o
    0x080017a4   0x080017a4   0x000000dc   Code   RO         1485    i.HAL_ADCEx_MultiModeConfigChannel  stm32f3xx_hal_adc_ex.o
    0x08001880   0x08001880   0x0000034c   Code   RO         1494    i.HAL_ADC_ConfigChannel  stm32f3xx_hal_adc_ex.o
    0x08001bcc   0x08001bcc   0x00000002   Code   RO         1317    i.HAL_ADC_ConvCpltCallback  stm32f3xx_hal_adc.o
    0x08001bce   0x08001bce   0x00000002   Code   RO         1318    i.HAL_ADC_ConvHalfCpltCallback  stm32f3xx_hal_adc.o
    0x08001bd0   0x08001bd0   0x00000002   Code   RO         1320    i.HAL_ADC_ErrorCallback  stm32f3xx_hal_adc.o
    0x08001bd2   0x08001bd2   0x00000002   PAD
    0x08001bd4   0x08001bd4   0x00000268   Code   RO         1497    i.HAL_ADC_IRQHandler  stm32f3xx_hal_adc_ex.o
    0x08001e3c   0x08001e3c   0x000001e0   Code   RO         1498    i.HAL_ADC_Init      stm32f3xx_hal_adc_ex.o
    0x0800201c   0x0800201c   0x00000002   Code   RO         1326    i.HAL_ADC_LevelOutOfWindowCallback  stm32f3xx_hal_adc.o
    0x0800201e   0x0800201e   0x00000002   PAD
    0x08002020   0x08002020   0x000000bc   Code   RO          386    i.HAL_ADC_MspInit   stm32f3xx_hal_msp.o
    0x080020dc   0x080020dc   0x00000108   Code   RO         1502    i.HAL_ADC_Start_DMA  stm32f3xx_hal_adc_ex.o
    0x080021e4   0x080021e4   0x00000030   Code   RO         3457    i.HAL_DMA_Abort     stm32f3xx_hal_dma.o
    0x08002214   0x08002214   0x0000004a   Code   RO         3458    i.HAL_DMA_Abort_IT  stm32f3xx_hal_dma.o
    0x0800225e   0x0800225e   0x000000aa   Code   RO         3462    i.HAL_DMA_IRQHandler  stm32f3xx_hal_dma.o
    0x08002308   0x08002308   0x0000004e   Code   RO         3463    i.HAL_DMA_Init      stm32f3xx_hal_dma.o
    0x08002356   0x08002356   0x00000070   Code   RO         3467    i.HAL_DMA_Start_IT  stm32f3xx_hal_dma.o
    0x080023c6   0x080023c6   0x00000002   PAD
    0x080023c8   0x080023c8   0x00000024   Code   RO         3075    i.HAL_Delay         stm32f3xx_hal.o
    0x080023ec   0x080023ec   0x000000a8   Code   RO         3937    i.HAL_FLASHEx_Erase  stm32f3xx_hal_flash_ex.o
    0x08002494   0x08002494   0x00000028   Code   RO         3841    i.HAL_FLASH_Unlock  stm32f3xx_hal_flash.o
    0x080024bc   0x080024bc   0x00000190   Code   RO         3392    i.HAL_GPIO_Init     stm32f3xx_hal_gpio.o
    0x0800264c   0x0800264c   0x0000000a   Code   RO         3394    i.HAL_GPIO_ReadPin  stm32f3xx_hal_gpio.o
    0x08002656   0x08002656   0x0000000a   Code   RO         3396    i.HAL_GPIO_WritePin  stm32f3xx_hal_gpio.o
    0x08002660   0x08002660   0x0000000c   Code   RO         3079    i.HAL_GetTick       stm32f3xx_hal.o
    0x0800266c   0x0800266c   0x0000005c   Code   RO         4158    i.HAL_IWDG_Init     stm32f3xx_hal_iwdg.o
    0x080026c8   0x080026c8   0x0000000c   Code   RO         4159    i.HAL_IWDG_Refresh  stm32f3xx_hal_iwdg.o
    0x080026d4   0x080026d4   0x00000010   Code   RO         3085    i.HAL_IncTick       stm32f3xx_hal.o
    0x080026e4   0x080026e4   0x00000024   Code   RO         3086    i.HAL_Init          stm32f3xx_hal.o
    0x08002708   0x08002708   0x00000040   Code   RO         3087    i.HAL_InitTick      stm32f3xx_hal.o
    0x08002748   0x08002748   0x0000002c   Code   RO          387    i.HAL_MspInit       stm32f3xx_hal_msp.o
    0x08002774   0x08002774   0x00000016   Code   RO         3559    i.HAL_NVIC_DisableIRQ  stm32f3xx_hal_cortex.o
    0x0800278a   0x0800278a   0x00000016   Code   RO         3560    i.HAL_NVIC_EnableIRQ  stm32f3xx_hal_cortex.o
    0x080027a0   0x080027a0   0x00000040   Code   RO         3566    i.HAL_NVIC_SetPriority  stm32f3xx_hal_cortex.o
    0x080027e0   0x080027e0   0x00000024   Code   RO         3567    i.HAL_NVIC_SetPriorityGrouping  stm32f3xx_hal_cortex.o
    0x08002804   0x08002804   0x000001f4   Code   RO         3349    i.HAL_RCCEx_PeriphCLKConfig  stm32f3xx_hal_rcc_ex.o
    0x080029f8   0x080029f8   0x0000014c   Code   RO         3243    i.HAL_RCC_ClockConfig  stm32f3xx_hal_rcc.o
    0x08002b44   0x08002b44   0x00000030   Code   RO         3250    i.HAL_RCC_GetPCLK1Freq  stm32f3xx_hal_rcc.o
    0x08002b74   0x08002b74   0x00000030   Code   RO         3251    i.HAL_RCC_GetPCLK2Freq  stm32f3xx_hal_rcc.o
    0x08002ba4   0x08002ba4   0x00000064   Code   RO         3252    i.HAL_RCC_GetSysClockFreq  stm32f3xx_hal_rcc.o
    0x08002c08   0x08002c08   0x000005a4   Code   RO         3255    i.HAL_RCC_OscConfig  stm32f3xx_hal_rcc.o
    0x080031ac   0x080031ac   0x00000028   Code   RO         3571    i.HAL_SYSTICK_Config  stm32f3xx_hal_cortex.o
    0x080031d4   0x080031d4   0x00000002   Code   RO         2375    i.HAL_TIMEx_Break2Callback  stm32f3xx_hal_tim_ex.o
    0x080031d6   0x080031d6   0x00000002   Code   RO         2376    i.HAL_TIMEx_BreakCallback  stm32f3xx_hal_tim_ex.o
    0x080031d8   0x080031d8   0x00000002   Code   RO         2377    i.HAL_TIMEx_CommutationCallback  stm32f3xx_hal_tim_ex.o
    0x080031da   0x080031da   0x00000002   PAD
    0x080031dc   0x080031dc   0x0000004c   Code   RO         2394    i.HAL_TIMEx_MasterConfigSynchronization  stm32f3xx_hal_tim_ex.o
    0x08003228   0x08003228   0x00000036   Code   RO         1731    i.HAL_TIM_Base_Init  stm32f3xx_hal_tim.o
    0x0800325e   0x0800325e   0x00000002   PAD
    0x08003260   0x08003260   0x00000060   Code   RO          388    i.HAL_TIM_Base_MspInit  stm32f3xx_hal_msp.o
    0x080032c0   0x080032c0   0x00000018   Code   RO         1736    i.HAL_TIM_Base_Start_IT  stm32f3xx_hal_tim.o
    0x080032d8   0x080032d8   0x0000002a   Code   RO         1739    i.HAL_TIM_Base_Stop_IT  stm32f3xx_hal_tim.o
    0x08003302   0x08003302   0x00000002   PAD
    0x08003304   0x08003304   0x000000f8   Code   RO         1740    i.HAL_TIM_ConfigClockSource  stm32f3xx_hal_tim.o
    0x080033fc   0x080033fc   0x00000002   Code   RO         1762    i.HAL_TIM_IC_CaptureCallback  stm32f3xx_hal_tim.o
    0x080033fe   0x080033fe   0x00000184   Code   RO         1775    i.HAL_TIM_IRQHandler  stm32f3xx_hal_tim.o
    0x08003582   0x08003582   0x00000002   Code   RO         1778    i.HAL_TIM_OC_DelayElapsedCallback  stm32f3xx_hal_tim.o
    0x08003584   0x08003584   0x00000002   Code   RO         1805    i.HAL_TIM_PWM_PulseFinishedCallback  stm32f3xx_hal_tim.o
    0x08003586   0x08003586   0x00000002   PAD
    0x08003588   0x08003588   0x00000084   Code   RO          584    i.HAL_TIM_PeriodElapsedCallback  tem_adc.o
    0x0800360c   0x0800360c   0x00000002   Code   RO         1816    i.HAL_TIM_TriggerCallback  stm32f3xx_hal_tim.o
    0x0800360e   0x0800360e   0x00000002   Code   RO         3019    i.HAL_UARTEx_WakeupCallback  stm32f3xx_hal_uart_ex.o
    0x08003610   0x08003610   0x00000054   Code   RO         2674    i.HAL_UART_DMAStop  stm32f3xx_hal_uart.o
    0x08003664   0x08003664   0x00000002   Code   RO         2676    i.HAL_UART_ErrorCallback  stm32f3xx_hal_uart.o
    0x08003666   0x08003666   0x00000002   PAD
    0x08003668   0x08003668   0x00000140   Code   RO         2679    i.HAL_UART_IRQHandler  stm32f3xx_hal_uart.o
    0x080037a8   0x080037a8   0x0000006a   Code   RO         2680    i.HAL_UART_Init     stm32f3xx_hal_uart.o
    0x08003812   0x08003812   0x00000002   PAD
    0x08003814   0x08003814   0x000000f0   Code   RO          390    i.HAL_UART_MspInit  stm32f3xx_hal_msp.o
    0x08003904   0x08003904   0x00000094   Code   RO         2684    i.HAL_UART_Receive_DMA  stm32f3xx_hal_uart.o
    0x08003998   0x08003998   0x0000001c   Code   RO           16    i.HAL_UART_RxCpltCallback  main.o
    0x080039b4   0x080039b4   0x00000002   Code   RO         2687    i.HAL_UART_RxHalfCpltCallback  stm32f3xx_hal_uart.o
    0x080039b6   0x080039b6   0x00000002   PAD
    0x080039b8   0x080039b8   0x00000088   Code   RO         2689    i.HAL_UART_Transmit_DMA  stm32f3xx_hal_uart.o
    0x08003a40   0x08003a40   0x00000002   Code   RO         2691    i.HAL_UART_TxCpltCallback  stm32f3xx_hal_uart.o
    0x08003a42   0x08003a42   0x00000002   Code   RO         2692    i.HAL_UART_TxHalfCpltCallback  stm32f3xx_hal_uart.o
    0x08003a44   0x08003a44   0x0000009c   Code   RO         4226    i.HAL_USART_User    stm302.lib(m2g.o)
    0x08003ae0   0x08003ae0   0x00000002   Code   RO          266    i.HardFault_Handler  stm32f3xx_it.o
    0x08003ae2   0x08003ae2   0x00000002   PAD
    0x08003ae4   0x08003ae4   0x0000000c   Code   RO         4311    i.Key_ClearEvent    stm302.lib(touchkey.o)
    0x08003af0   0x08003af0   0x00000040   Code   RO         4312    i.Key_GetEvent      stm302.lib(touchkey.o)
    0x08003b30   0x08003b30   0x00000168   Code   RO          442    i.Key_HandleByUser  system_config.o
    0x08003c98   0x08003c98   0x00000084   Code   RO         4313    i.Key_Loop          stm302.lib(touchkey.o)
    0x08003d1c   0x08003d1c   0x00000024   Code   RO         4314    i.Key_PeriodHandle  stm302.lib(touchkey.o)
    0x08003d40   0x08003d40   0x00000038   Code   RO         4316    i.Key_Press         stm302.lib(touchkey.o)
    0x08003d78   0x08003d78   0x00000034   Code   RO         4317    i.Key_ReadFactory   stm302.lib(touchkey.o)
    0x08003dac   0x08003dac   0x0000002c   Code   RO         4319    i.Key_VirtualInit   stm302.lib(touchkey.o)
    0x08003dd8   0x08003dd8   0x0000004c   Code   RO         1047    i.LCD_PowerOn       lcd_rt625181.o
    0x08003e24   0x08003e24   0x00000078   Code   RO           18    i.M26_PowerOn       main.o
    0x08003e9c   0x08003e9c   0x000000bc   Code   RO           19    i.MX_ADC1_Init      main.o
    0x08003f58   0x08003f58   0x00000020   Code   RO           20    i.MX_IWDG_Init1     main.o
    0x08003f78   0x08003f78   0x00000060   Code   RO           21    i.MX_TIM1_Init      main.o
    0x08003fd8   0x08003fd8   0x00000070   Code   RO           22    i.MX_TIM2_Init      main.o
    0x08004048   0x08004048   0x00000034   Code   RO           23    i.MX_USART3_UART_Init  main.o
    0x0800407c   0x0800407c   0x00000002   Code   RO          267    i.MemManage_Handler  stm32f3xx_it.o
    0x0800407e   0x0800407e   0x00000002   PAD
    0x08004080   0x08004080   0x0000001c   Code   RO          443    i.Mode_adjust       system_config.o
    0x0800409c   0x0800409c   0x00000002   Code   RO          268    i.NMI_Handler       stm32f3xx_it.o
    0x0800409e   0x0800409e   0x00000020   Code   RO         3573    i.NVIC_SetPriority  stm32f3xx_hal_cortex.o
    0x080040be   0x080040be   0x00000002   Code   RO          269    i.PendSV_Handler    stm32f3xx_it.o
    0x080040c0   0x080040c0   0x0000001c   Code   RO         4228    i.Query_Init        stm302.lib(m2g.o)
    0x080040dc   0x080040dc   0x0000002a   Code   RO          666    i.RN8302B_CalibConfig  rn8302b.o
    0x08004106   0x08004106   0x00000002   PAD
    0x08004108   0x08004108   0x00000048   Code   RO          667    i.RN8302B_DCOffset  rn8302b.o
    0x08004150   0x08004150   0x000000c0   Code   RO          669    i.RN8302_CalibrateCurrentOffset  rn8302b.o
    0x08004210   0x08004210   0x00000108   Code   RO          670    i.RN8302_CalibrateIGain  rn8302b.o
    0x08004318   0x08004318   0x000002bc   Code   RO          671    i.RN8302_CalibrateInit  rn8302b.o
    0x080045d4   0x080045d4   0x00000138   Code   RO          673    i.RN8302_CalibrateUGain  rn8302b.o
    0x0800470c   0x0800470c   0x000000fc   Code   RO          674    i.RN830B_SoftInit   rn8302b.o
    0x08004808   0x08004808   0x0000025c   Code   RO          676    i.ReadAvol          rn8302b.o
    0x08004a64   0x08004a64   0x00000002   Code   RO          270    i.SVC_Handler       stm32f3xx_it.o
    0x08004a66   0x08004a66   0x00000002   PAD
    0x08004a68   0x08004a68   0x00000018   Code   RO          445    i.Switch_Alm        system_config.o
    0x08004a80   0x08004a80   0x00000058   Code   RO          446    i.Switch_Init       system_config.o
    0x08004ad8   0x08004ad8   0x00000028   Code   RO          448    i.SysTem_SaveFileInit  system_config.o
    0x08004b00   0x08004b00   0x00000004   Code   RO          271    i.SysTick_Handler   stm32f3xx_it.o
    0x08004b04   0x08004b04   0x0000006e   Code   RO           24    i.SystemClock_Config  main.o
    0x08004b72   0x08004b72   0x00000002   PAD
    0x08004b74   0x08004b74   0x00000068   Code   RO         4189    i.SystemInit        system_stm32f3xx.o
    0x08004bdc   0x08004bdc   0x0000003c   Code   RO          449    i.System_Config     system_config.o
    0x08004c18   0x08004c18   0x000000b0   Code   RO          450    i.System_EnterMode  system_config.o
    0x08004cc8   0x08004cc8   0x00000074   Code   RO          453    i.System_Led_Init   system_config.o
    0x08004d3c   0x08004d3c   0x00000030   Code   RO          454    i.System_Led_Onoff  system_config.o
    0x08004d6c   0x08004d6c   0x000000d8   Code   RO          457    i.System_TimerPeriod  system_config.o
    0x08004e44   0x08004e44   0x0000016c   Code   RO          458    i.System_TimerUpdate  system_config.o
    0x08004fb0   0x08004fb0   0x00000024   Code   RO          272    i.TIM1_UP_TIM16_IRQHandler  stm32f3xx_it.o
    0x08004fd4   0x08004fd4   0x0000000c   Code   RO          273    i.TIM2_IRQHandler   stm32f3xx_it.o
    0x08004fe0   0x08004fe0   0x00000098   Code   RO         1817    i.TIM_Base_SetConfig  stm32f3xx_hal_tim.o
    0x08005078   0x08005078   0x00000014   Code   RO         1824    i.TIM_ETR_SetConfig  stm32f3xx_hal_tim.o
    0x0800508c   0x0800508c   0x00000010   Code   RO         1825    i.TIM_ITRx_SetConfig  stm32f3xx_hal_tim.o
    0x0800509c   0x0800509c   0x00000022   Code   RO         1831    i.TIM_TI1_ConfigInputStage  stm32f3xx_hal_tim.o
    0x080050be   0x080050be   0x00000024   Code   RO         1833    i.TIM_TI2_ConfigInputStage  stm32f3xx_hal_tim.o
    0x080050e2   0x080050e2   0x00000002   PAD
    0x080050e4   0x080050e4   0x00000034   Code   RO          586    i.Tem_AdcInit       tem_adc.o
    0x08005118   0x08005118   0x00000070   Code   RO          587    i.Tem_AdcLoop       tem_adc.o
    0x08005188   0x08005188   0x0000007c   Code   RO          588    i.Tem_Gettemplate   tem_adc.o
    0x08005204   0x08005204   0x000000c8   Code   RO         2693    i.UART_AdvFeatureConfig  stm32f3xx_hal_uart.o
    0x080052cc   0x080052cc   0x0000005c   Code   RO         2694    i.UART_CheckIdleState  stm32f3xx_hal_uart.o
    0x08005328   0x08005328   0x00000014   Code   RO         2695    i.UART_DMAAbortOnError  stm32f3xx_hal_uart.o
    0x0800533c   0x0800533c   0x0000004a   Code   RO         2696    i.UART_DMAError     stm32f3xx_hal_uart.o
    0x08005386   0x08005386   0x0000003e   Code   RO         2697    i.UART_DMAReceiveCplt  stm32f3xx_hal_uart.o
    0x080053c4   0x080053c4   0x0000000a   Code   RO         2699    i.UART_DMARxHalfCplt  stm32f3xx_hal_uart.o
    0x080053ce   0x080053ce   0x00000030   Code   RO         2701    i.UART_DMATransmitCplt  stm32f3xx_hal_uart.o
    0x080053fe   0x080053fe   0x0000000a   Code   RO         2703    i.UART_DMATxHalfCplt  stm32f3xx_hal_uart.o
    0x08005408   0x08005408   0x0000001c   Code   RO         2705    i.UART_EndRxTransfer  stm32f3xx_hal_uart.o
    0x08005424   0x08005424   0x0000001a   Code   RO         2706    i.UART_EndTransmit_IT  stm32f3xx_hal_uart.o
    0x0800543e   0x0800543e   0x00000012   Code   RO         2707    i.UART_EndTxTransfer  stm32f3xx_hal_uart.o
    0x08005450   0x08005450   0x00000076   Code   RO         2708    i.UART_Receive_IT   stm32f3xx_hal_uart.o
    0x080054c6   0x080054c6   0x00000002   PAD
    0x080054c8   0x080054c8   0x000001d4   Code   RO         2709    i.UART_SetConfig    stm32f3xx_hal_uart.o
    0x0800569c   0x0800569c   0x00000062   Code   RO         2710    i.UART_Transmit_IT  stm32f3xx_hal_uart.o
    0x080056fe   0x080056fe   0x00000062   Code   RO         2711    i.UART_WaitOnFlagUntilTimeout  stm32f3xx_hal_uart.o
    0x08005760   0x08005760   0x00000014   Code   RO          274    i.USART3_IRQHandler  stm32f3xx_it.o
    0x08005774   0x08005774   0x00000002   Code   RO          275    i.UsageFault_Handler  stm32f3xx_it.o
    0x08005776   0x08005776   0x00000002   PAD
    0x08005778   0x08005778   0x00000160   Code   RO          459    i.Watch_Loop        system_config.o
    0x080058d8   0x080058d8   0x00000028   Code   RO         4854    i.__0sprintf        mc_w.l(printfa.o)
    0x08005900   0x08005900   0x0000007a   Code   RO         4592    i.__hardfp_sqrt     m_wm.l(sqrt.o)
    0x0800597a   0x0800597a   0x0000000e   Code   RO         4947    i.__scatterload_copy  mc_w.l(handlers.o)
    0x08005988   0x08005988   0x00000002   Code   RO         4948    i.__scatterload_null  mc_w.l(handlers.o)
    0x0800598a   0x0800598a   0x0000000e   Code   RO         4949    i.__scatterload_zeroinit  mc_w.l(handlers.o)
    0x08005998   0x08005998   0x0000000c   Code   RO         4923    i.__set_errno       mc_w.l(errno.o)
    0x080059a4   0x080059a4   0x00000184   Code   RO         4859    i._fp_digits        mc_w.l(printfa.o)
    0x08005b28   0x08005b28   0x000006dc   Code   RO         4860    i._printf_core      mc_w.l(printfa.o)
    0x08006204   0x08006204   0x00000024   Code   RO         4861    i._printf_post_padding  mc_w.l(printfa.o)
    0x08006228   0x08006228   0x0000002e   Code   RO         4862    i._printf_pre_padding  mc_w.l(printfa.o)
    0x08006256   0x08006256   0x0000000a   Code   RO         4864    i._sputc            mc_w.l(printfa.o)
    0x08006260   0x08006260   0x00000014   Code   RO          678    i.delay_ms          rn8302b.o
    0x08006274   0x08006274   0x0000000c   Code   RO         1223    i.delay_us          ht1622x.o
    0x08006280   0x08006280   0x00000164   Code   RO         1050    i.dispLCD_Loop      lcd_rt625181.o
    0x080063e4   0x080063e4   0x0000016c   Code   RO         1051    i.dispMA1           lcd_rt625181.o
    0x08006550   0x08006550   0x00000150   Code   RO         1052    i.dispMA2           lcd_rt625181.o
    0x080066a0   0x080066a0   0x000000fc   Code   RO         1053    i.dispPassword      lcd_rt625181.o
    0x0800679c   0x0800679c   0x00000010   Code   RO         1055    i.dispSystick       lcd_rt625181.o
    0x080067ac   0x080067ac   0x000000c4   Code   RO         1056    i.dispVol           lcd_rt625181.o
    0x08006870   0x08006870   0x0000007c   Code   RO         1057    i.disp_Flag         lcd_rt625181.o
    0x080068ec   0x080068ec   0x00000028   Code   RO         1060    i.disp_init         lcd_rt625181.o
    0x08006914   0x08006914   0x0000000c   Code   RO          682    i.fnDelay2us        rn8302b.o
    0x08006920   0x08006920   0x00000284   Code   RO          687    i.fnRN8302_Init     rn8302b.o
    0x08006ba4   0x08006ba4   0x00000128   Code   RO          688    i.fnRN8302_Read     rn8302b.o
    0x08006ccc   0x08006ccc   0x00000110   Code   RO          689    i.fnRN8302_Write    rn8302b.o
    0x08006ddc   0x08006ddc   0x0000007e   Code   RO          690    i.fnSpi2_ReadByte   rn8302b.o
    0x08006e5a   0x08006e5a   0x000000a8   Code   RO          691    i.fnSpi2_WriteByte  rn8302b.o
    0x08006f02   0x08006f02   0x00000016   Code   RO         1225    i.ht1622_cs_out     ht1622x.o
    0x08006f18   0x08006f18   0x00000054   Code   RO         1227    i.ht1622_data_out   ht1622x.o
    0x08006f6c   0x08006f6c   0x000000cc   Code   RO         1228    i.ht1622_gpio_config  ht1622x.o
    0x08007038   0x08007038   0x00000018   Code   RO         1229    i.ht1622_wr_out     ht1622x.o
    0x08007050   0x08007050   0x00000036   Code   RO         1231    i.ht1622x_display_all  ht1622x.o
    0x08007086   0x08007086   0x00000022   Code   RO         1232    i.ht1622x_init      ht1622x.o
    0x080070a8   0x080070a8   0x00000038   Code   RO         1233    i.ht1622x_send_bits  ht1622x.o
    0x080070e0   0x080070e0   0x00000036   Code   RO         1234    i.ht1622x_send_cmd  ht1622x.o
    0x08007116   0x08007116   0x00000036   Code   RO         1235    i.ht1622x_send_data  ht1622x.o
    0x0800714c   0x0800714c   0x0000001c   Code   RO         4234    i.m26_send          stm302.lib(m2g.o)
    0x08007168   0x08007168   0x0000011c   Code   RO           26    i.main              main.o
    0x08007284   0x08007284   0x00000048   Code   RO         4323    i.touchBSP          stm302.lib(touchkey.o)
    0x080072cc   0x080072cc   0x00000728   Data   RO          593    .constdata          tem_adc.o
    0x080079f4   0x080079f4   0x00000046   Data   RO          694    .constdata          rn8302b.o
    0x08007a3a   0x08007a3a   0x0000003c   Data   RO         1062    .constdata          lcd_rt625181.o
    0x08007a76   0x08007a76   0x00000020   Data   RO         3256    .constdata          stm32f3xx_hal_rcc.o
    0x08007a96   0x08007a96   0x00000010   Data   RO         4190    .constdata          system_stm32f3xx.o
    0x08007aa6   0x08007aa6   0x00000008   Data   RO         4191    .constdata          system_stm32f3xx.o
    0x08007aae   0x08007aae   0x00000002   PAD
    0x08007ab0   0x08007ab0   0x00000005   Data   RO         4330    .conststring        stm302.lib(touchkey.o)
    0x08007ab5   0x08007ab5   0x00000003   PAD
    0x08007ab8   0x08007ab8   0x00000020   Data   RO         4945    Region$$Table       anon$$obj.o


    Execution Region RW_IRAM1 (Exec base: 0x20000000, Load base: 0x08007ad8, Size: 0x00001eb8, Max: 0x00008000, ABSOLUTE, COMPRESSED[0x00000020])

    Exec Addr    Load Addr    Size         Type   Attr      Idx    E Section Name        Object

    0x20000000   COMPRESSED   0x00000108   Data   RW           33    .data               main.o
    0x20000108   COMPRESSED   0x00000038   Data   RW          461    .data               system_config.o
    0x20000140   COMPRESSED   0x00000024   Data   RW          594    .data               tem_adc.o
    0x20000164   COMPRESSED   0x0000000c   Data   RW          698    .data               rn8302b.o
    0x20000170   COMPRESSED   0x00000008   Data   RW         1065    .data               lcd_rt625181.o
    0x20000178   COMPRESSED   0x0000000c   Data   RW         3093    .data               stm32f3xx_hal.o
    0x20000184   COMPRESSED   0x00000004   Data   RW         4192    .data               system_stm32f3xx.o
    0x20000188   COMPRESSED   0x00000018   Data   RW         4237    .data               stm302.lib(m2g.o)
    0x200001a0   COMPRESSED   0x0000003c   Data   RW         4332    .data               stm302.lib(touchkey.o)
    0x200001dc   COMPRESSED   0x00000004   Data   RW         4924    .data               mc_w.l(errno.o)
    0x200001e0        -       0x00000154   Zero   RW           27    .bss                main.o
    0x20000334        -       0x00000044   Zero   RW           28    .bss                main.o
    0x20000378        -       0x00000044   Zero   RW           29    .bss                main.o
    0x200003bc        -       0x00000044   Zero   RW           30    .bss                main.o
    0x20000400        -       0x00000110   Zero   RW          460    .bss                system_config.o
    0x20000510        -       0x00000d48   Zero   RW          591    .bss                tem_adc.o
    0x20001258        -       0x000007bc   Zero   RW          693    .bss                rn8302b.o
    0x20001a14        -       0x00000032   Zero   RW         1061    .bss                lcd_rt625181.o
    0x20001a46   COMPRESSED   0x00000002   PAD
    0x20001a48        -       0x00000020   Zero   RW         3842    .bss                stm32f3xx_hal_flash.o
    0x20001a68        -       0x00000034   Zero   RW         4236    .bss                stm302.lib(m2g.o)
    0x20001a9c        -       0x00000016   Zero   RW         4329    .bss                stm302.lib(touchkey.o)
    0x20001ab2   COMPRESSED   0x00000006   PAD
    0x20001ab8        -       0x00000400   Zero   RW            1    STACK               startup_stm32f302xc.o


==============================================================================

Image component sizes


      Code (inc. data)   RO Data    RW Data    ZI Data      Debug   Object Name

       598         28          0          0          0       5983   ht1622x.o
      3550        166         60          8         50      14034   lcd_rt625181.o
         0          0          0          0          0       5440   lct_rt623832.o
      1064         72          0        264        544     594556   main.o
      4042        176         70         12       1980      25033   rn8302b.o
        36          8        392          0       1024        812   startup_stm32f302xc.o
       164         28          0         12          0      12337   stm32f3xx_hal.o
         8          0          0          0          0       2577   stm32f3xx_hal_adc.o
      2868         82          0          0          0      13232   stm32f3xx_hal_adc_ex.o
       216         14          0          0          0      30881   stm32f3xx_hal_cortex.o
       584         12          0          0          0       5366   stm32f3xx_hal_dma.o
       172         26          0          0         32       2177   stm32f3xx_hal_flash.o
       240         28          0          0          0       3257   stm32f3xx_hal_flash_ex.o
       420         30          0          0          0       3051   stm32f3xx_hal_gpio.o
       104          0          0          0          0       1699   stm32f3xx_hal_iwdg.o
       568         60          0          0          0       3066   stm32f3xx_hal_msp.o
      1972         74         32          0          0       5796   stm32f3xx_hal_rcc.o
       500         14          0          0          0       1572   stm32f3xx_hal_rcc_ex.o
      1022         30          0          0          0      10428   stm32f3xx_hal_tim.o
        82          4          0          0          0       3081   stm32f3xx_hal_tim_ex.o
      2172         86          0          0          0      17135   stm32f3xx_hal_uart.o
         2          0          0          0          0        908   stm32f3xx_hal_uart_ex.o
       136         42          0          0          0       7496   stm32f3xx_it.o
      1968        108          0         56        272      11744   system_config.o
       104         22         24          4          0       1091   system_stm32f3xx.o
      1340        364       1832         36       3400       5637   tem_adc.o

    ----------------------------------------------------------------------
     23976       1474       2444        392       7304     788389   Object Totals
         0          0         32          0          0          0   (incl. Generated)
        44          0          2          0          2          0   (incl. Padding)

    ----------------------------------------------------------------------

      Code (inc. data)   RO Data    RW Data    ZI Data      Debug   Library Member Name

       122          0          0          0          0        148   sqrt.o
        58          0          0          0          0          0   __dczerorl.o
         0          0          0          0          0          0   entry.o
         0          0          0          0          0          0   entry10a.o
         0          0          0          0          0          0   entry11a.o
         8          4          0          0          0          0   entry2.o
         4          0          0          0          0          0   entry5.o
         0          0          0          0          0          0   entry7b.o
         0          0          0          0          0          0   entry8b.o
         8          4          0          0          0          0   entry9a.o
        12          6          0          4          0         68   errno.o
        30          0          0          0          0          0   handlers.o
        36          8          0          0          0         68   init.o
         0          0          0          0          0          0   iusefp.o
        30          0          0          0          0         68   llshl.o
        36          0          0          0          0         68   llsshr.o
        32          0          0          0          0         68   llushr.o
        36          0          0          0          0        108   memseta.o
      2276         86          0          0          0        520   printfa.o
        14          0          0          0          0         68   strlen.o
        44          0          0          0          0         80   uidiv.o
        98          0          0          0          0         92   uldiv.o
        48          0          0          0          0         68   cdrcmple.o
        56          0          0          0          0         88   d2f.o
       334          0          0          0          0        148   dadd.o
       222          0          0          0          0        100   ddiv.o
       186          0          0          0          0        176   depilogue.o
        48          0          0          0          0         68   dfixul.o
        34          0          0          0          0         76   dflti.o
        26          0          0          0          0         76   dfltui.o
       228          0          0          0          0         96   dmul.o
       162          0          0          0          0        100   dsqrt.o
        38          0          0          0          0         68   f2d.o
       110          0          0          0          0        168   fepilogue.o
       212         54          0         24         52       3383   m2g.o
       468         54          5         60         22       7929   touchkey.o

    ----------------------------------------------------------------------
      5020        216          8         88         80      13900   Library Totals
         4          0          3          0          6          0   (incl. Padding)

    ----------------------------------------------------------------------

      Code (inc. data)   RO Data    RW Data    ZI Data      Debug   Library Name

       122          0          0          0          0        148   m_wm.l
      2722        108          0          4          0       1208   mc_w.l
      1492          0          0          0          0       1232   mf_w.l
       680        108          5         84         74      11312   stm302.lib

    ----------------------------------------------------------------------
      5020        216          8         88         80      13900   Library Totals

    ----------------------------------------------------------------------

==============================================================================


      Code (inc. data)   RO Data    RW Data    ZI Data      Debug   

     28996       1690       2452        480       7384     781625   Grand Totals
     28996       1690       2452         32       7384     781625   ELF Image Totals (compressed)
     28996       1690       2452         32          0          0   ROM Totals

==============================================================================

    Total RO  Size (Code + RO Data)                31448 (  30.71kB)
    Total RW  Size (RW Data + ZI Data)              7864 (   7.68kB)
    Total ROM Size (Code + RO Data + RW Data)      31480 (  30.74kB)

==============================================================================

